new:173:33:void* operator new(std::size_t, void*)	16	static
stl_vector.h:125:14:std::_Vector_base<void*, std::allocator<void*> >::_Vector_impl::~_Vector_impl()	16	static
stl_vector.h:285:7:std::_Vector_base<_Tp, _Alloc>::_Vector_base() [with _Tp = void*; _Alloc = std::allocator<void*>]	16	static
stl_vector.h:484:7:std::vector<_Tp, _Alloc>::vector() [with _Tp = void*; _Alloc = std::allocator<void*>]	16	static
trained_model_compiled.cpp:456:21:TfLiteStatus {anonymous}::AllocatePersistentBuffer(TfLiteContext*, size_t, void**)	24	static
stl_vector.h:125:14:std::_Vector_base<{anonymous}::scratch_buffer_t, std::allocator<{anonymous}::scratch_buffer_t> >::_Vector_impl::~_Vector_impl()	16	static
stl_vector.h:285:7:std::_Vector_base<_Tp, _Alloc>::_Vector_base() [with _Tp = {anonymous}::scratch_buffer_t; _Alloc = std::allocator<{anonymous}::scratch_buffer_t>]	16	static
stl_vector.h:484:7:std::vector<_Tp, _Alloc>::vector() [with _Tp = {anonymous}::scratch_buffer_t; _Alloc = std::allocator<{anonymous}::scratch_buffer_t>]	16	static
trained_model_compiled.cpp:481:21:TfLiteStatus {anonymous}::RequestScratchBufferInArena(TfLiteContext*, size_t, int*)	40	static
trained_model_compiled.cpp:498:14:void* {anonymous}::GetScratchBuffer(TfLiteContext*, int)	16	static
trained_model_compiled.cpp:506:16:TfLiteStatus trained_model_init(void* (*)(size_t, size_t))	56	static
trained_model_compiled.cpp:593:15:TfLiteTensor* trained_model_input(int)	16	static
trained_model_compiled.cpp:600:15:TfLiteTensor* trained_model_output(int)	16	static
trained_model_compiled.cpp:604:14:TfLiteStatus trained_model_invoke()	24	static
trained_model_compiled.cpp:674:14:TfLiteStatus trained_model_reset(void (*)(void*))	24	static
stl_vector.h:128:2:std::_Vector_base<_Tp, _Alloc>::_Vector_impl::_Vector_impl() [with _Tp = void*; _Alloc = std::allocator<void*>]	16	static
allocator.h:153:7:std::allocator< <template-parameter-1-1> >::~allocator() [with _Tp = void*]	16	static
stl_vector.h:330:7:std::_Vector_base<_Tp, _Alloc>::~_Vector_base() [with _Tp = void*; _Alloc = std::allocator<void*>]	16	static
stl_vector.h:1184:7:void std::vector<_Tp, _Alloc>::push_back(const value_type&) [with _Tp = void*; _Alloc = std::allocator<void*>]	16	static
stl_vector.h:128:2:std::_Vector_base<_Tp, _Alloc>::_Vector_impl::_Vector_impl() [with _Tp = {anonymous}::scratch_buffer_t; _Alloc = std::allocator<{anonymous}::scratch_buffer_t>]	16	static
allocator.h:153:7:std::allocator< <template-parameter-1-1> >::~allocator() [with _Tp = {anonymous}::scratch_buffer_t]	16	static
stl_vector.h:330:7:std::_Vector_base<_Tp, _Alloc>::~_Vector_base() [with _Tp = {anonymous}::scratch_buffer_t; _Alloc = std::allocator<{anonymous}::scratch_buffer_t>]	16	static
stl_vector.h:1184:7:void std::vector<_Tp, _Alloc>::push_back(const value_type&) [with _Tp = {anonymous}::scratch_buffer_t; _Alloc = std::allocator<{anonymous}::scratch_buffer_t>]	16	static
stl_vector.h:915:7:std::vector<_Tp, _Alloc>::size_type std::vector<_Tp, _Alloc>::size() const [with _Tp = {anonymous}::scratch_buffer_t; _Alloc = std::allocator<{anonymous}::scratch_buffer_t>]	16	static
stl_vector.h:1040:7:std::vector<_Tp, _Alloc>::reference std::vector<_Tp, _Alloc>::operator[](std::vector<_Tp, _Alloc>::size_type) [with _Tp = {anonymous}::scratch_buffer_t; _Alloc = std::allocator<{anonymous}::scratch_buffer_t>]	16	static
stl_vector.h:1495:7:void std::vector<_Tp, _Alloc>::clear() [with _Tp = {anonymous}::scratch_buffer_t; _Alloc = std::allocator<{anonymous}::scratch_buffer_t>]	16	static
stl_vector.h:915:7:std::vector<_Tp, _Alloc>::size_type std::vector<_Tp, _Alloc>::size() const [with _Tp = void*; _Alloc = std::allocator<void*>]	16	static
stl_vector.h:1040:7:std::vector<_Tp, _Alloc>::reference std::vector<_Tp, _Alloc>::operator[](std::vector<_Tp, _Alloc>::size_type) [with _Tp = void*; _Alloc = std::allocator<void*>]	16	static
stl_vector.h:1495:7:void std::vector<_Tp, _Alloc>::clear() [with _Tp = void*; _Alloc = std::allocator<void*>]	16	static
allocator.h:138:7:std::allocator< <template-parameter-1-1> >::allocator() [with _Tp = void*]	16	static
stl_vector.h:94:2:std::_Vector_base<_Tp, _Alloc>::_Vector_impl_data::_Vector_impl_data() [with _Tp = void*; _Alloc = std::allocator<void*>]	16	static
new_allocator.h:89:7:__gnu_cxx::new_allocator<_Tp>::~new_allocator() [with _Tp = void*]	16	static
stl_vector.h:347:7:void std::_Vector_base<_Tp, _Alloc>::_M_deallocate(std::_Vector_base<_Tp, _Alloc>::pointer, std::size_t) [with _Tp = void*; _Alloc = std::allocator<void*>]	24	static
alloc_traits.h:482:2:) [with _Up = void*; _Args = {void* const&}; _Tp = void*]	24	static
stl_vector.h:826:7:std::vector<_Tp, _Alloc>::iterator std::vector<_Tp, _Alloc>::end() [with _Tp = void*; _Alloc = std::allocator<void*>]	24	static
stl_vector.h:441:7:static constexpr bool std::vector<_Tp, _Alloc>::_S_use_relocate() [with _Tp = void*; _Alloc = std::allocator<void*>]	16	static
stl_vector.h:428:7:static constexpr bool std::vector<_Tp, _Alloc>::_S_nothrow_relocate(std::true_type) [with _Tp = void*; _Alloc = std::allocator<void*>]	16	static
vector.tcc:426:7:) [with _Args = {void* const&}; _Tp = void*; _Alloc = std::allocator<void*>]	64	static
allocator.h:138:7:std::allocator< <template-parameter-1-1> >::allocator() [with _Tp = {anonymous}::scratch_buffer_t]	16	static
stl_vector.h:94:2:std::_Vector_base<_Tp, _Alloc>::_Vector_impl_data::_Vector_impl_data() [with _Tp = {anonymous}::scratch_buffer_t; _Alloc = std::allocator<{anonymous}::scratch_buffer_t>]	16	static
new_allocator.h:89:7:__gnu_cxx::new_allocator<_Tp>::~new_allocator() [with _Tp = {anonymous}::scratch_buffer_t]	16	static
stl_vector.h:347:7:void std::_Vector_base<_Tp, _Alloc>::_M_deallocate(std::_Vector_base<_Tp, _Alloc>::pointer, std::size_t) [with _Tp = {anonymous}::scratch_buffer_t; _Alloc = std::allocator<{anonymous}::scratch_buffer_t>]	24	static
alloc_traits.h:482:2:) [with _Up = {anonymous}::scratch_buffer_t; _Args = {const {anonymous}::scratch_buffer_t&}; _Tp = {anonymous}::scratch_buffer_t]	24	static
stl_vector.h:826:7:std::vector<_Tp, _Alloc>::iterator std::vector<_Tp, _Alloc>::end() [with _Tp = {anonymous}::scratch_buffer_t; _Alloc = std::allocator<{anonymous}::scratch_buffer_t>]	24	static
stl_vector.h:441:7:static constexpr bool std::vector<_Tp, _Alloc>::_S_use_relocate() [with _Tp = {anonymous}::scratch_buffer_t; _Alloc = std::allocator<{anonymous}::scratch_buffer_t>]	16	static
stl_vector.h:428:7:static constexpr bool std::vector<_Tp, _Alloc>::_S_nothrow_relocate(std::true_type) [with _Tp = {anonymous}::scratch_buffer_t; _Alloc = std::allocator<{anonymous}::scratch_buffer_t>]	16	static
vector.tcc:426:7:) [with _Args = {const {anonymous}::scratch_buffer_t&}; _Tp = {anonymous}::scratch_buffer_t; _Alloc = std::allocator<{anonymous}::scratch_buffer_t>]	64	static
stl_vector.h:1789:7:void std::vector<_Tp, _Alloc>::_M_erase_at_end(std::vector<_Tp, _Alloc>::pointer) [with _Tp = {anonymous}::scratch_buffer_t; _Alloc = std::allocator<{anonymous}::scratch_buffer_t>]	32	static
stl_vector.h:1789:7:void std::vector<_Tp, _Alloc>::_M_erase_at_end(std::vector<_Tp, _Alloc>::pointer) [with _Tp = void*; _Alloc = std::allocator<void*>]	32	static
new_allocator.h:80:7:__gnu_cxx::new_allocator<_Tp>::new_allocator() [with _Tp = void*]	16	static
alloc_traits.h:469:7:static void std::allocator_traits<std::allocator<_Tp1> >::deallocate(std::allocator_traits<std::allocator<_Tp1> >::allocator_type&, std::allocator_traits<std::allocator<_Tp1> >::pointer, std::allocator_traits<std::allocator<_Tp1> >::size_type) [with _Tp = void*]	24	static
move.h:74:5:constexpr _Tp&& std::forward(typename std::remove_reference<_Tp>::type&) [with _Tp = void* const&]	16	static
new_allocator.h:144:2:) [with _Up = void*; _Args = {void* const&}; _Tp = void*]	32	static
stl_iterator.h:806:7:__gnu_cxx::__normal_iterator<_Iterator, _Container>::__normal_iterator(const _Iterator&) [with _Iterator = void**; _Container = std::vector<void*>]	16	static
stl_vector.h:1753:7:std::vector<_Tp, _Alloc>::size_type std::vector<_Tp, _Alloc>::_M_check_len(std::vector<_Tp, _Alloc>::size_type, const char*) const [with _Tp = void*; _Alloc = std::allocator<void*>]	40	static
stl_vector.h:808:7:std::vector<_Tp, _Alloc>::iterator std::vector<_Tp, _Alloc>::begin() [with _Tp = void*; _Alloc = std::allocator<void*>]	24	static
stl_iterator.h:989:5:typename __gnu_cxx::__normal_iterator<_Iterator, _Container>::difference_type __gnu_cxx::operator-(const __gnu_cxx::__normal_iterator<_Iterator, _Container>&, const __gnu_cxx::__normal_iterator<_Iterator, _Container>&) [with _Iterator = void**; _Container = std::vector<void*>]	24	static
stl_vector.h:340:7:std::_Vector_base<_Tp, _Alloc>::pointer std::_Vector_base<_Tp, _Alloc>::_M_allocate(std::size_t) [with _Tp = void*; _Alloc = std::allocator<void*>]	16	static
stl_vector.h:462:7:static std::vector<_Tp, _Alloc>::pointer std::vector<_Tp, _Alloc>::_S_relocate(std::vector<_Tp, _Alloc>::pointer, std::vector<_Tp, _Alloc>::pointer, std::vector<_Tp, _Alloc>::pointer, std::vector<_Tp, _Alloc>::_Tp_alloc_type&) [with _Tp = void*; _Alloc = std::allocator<void*>]	48	static
stl_iterator.h:871:7:const _Iterator& __gnu_cxx::__normal_iterator<_Iterator, _Container>::base() const [with _Iterator = void**; _Container = std::vector<void*>]	16	static
stl_vector.h:273:7:std::_Vector_base<_Tp, _Alloc>::_Tp_alloc_type& std::_Vector_base<_Tp, _Alloc>::_M_get_Tp_allocator() [with _Tp = void*; _Alloc = std::allocator<void*>]	16	static
stl_uninitialized.h:323:5:_ForwardIterator std::__uninitialized_move_if_noexcept_a(_InputIterator, _InputIterator, _ForwardIterator, _Allocator&) [with _InputIterator = void**; _ForwardIterator = void**; _Allocator = std::allocator<void*>]	32	static
stl_construct.h:203:5:void std::_Destroy(_ForwardIterator, _ForwardIterator, std::allocator<_T2>&) [with _ForwardIterator = void**; _Tp = void*]	24	static
new_allocator.h:80:7:__gnu_cxx::new_allocator<_Tp>::new_allocator() [with _Tp = {anonymous}::scratch_buffer_t]	16	static
alloc_traits.h:469:7:static void std::allocator_traits<std::allocator<_Tp1> >::deallocate(std::allocator_traits<std::allocator<_Tp1> >::allocator_type&, std::allocator_traits<std::allocator<_Tp1> >::pointer, std::allocator_traits<std::allocator<_Tp1> >::size_type) [with _Tp = {anonymous}::scratch_buffer_t]	24	static
move.h:74:5:constexpr _Tp&& std::forward(typename std::remove_reference<_Tp>::type&) [with _Tp = const {anonymous}::scratch_buffer_t&]	16	static
new_allocator.h:144:2:) [with _Up = {anonymous}::scratch_buffer_t; _Args = {const {anonymous}::scratch_buffer_t&}; _Tp = {anonymous}::scratch_buffer_t]	32	static
stl_iterator.h:806:7:__gnu_cxx::__normal_iterator<_Iterator, _Container>::__normal_iterator(const _Iterator&) [with _Iterator = {anonymous}::scratch_buffer_t*; _Container = std::vector<{anonymous}::scratch_buffer_t>]	16	static
stl_vector.h:1753:7:std::vector<_Tp, _Alloc>::size_type std::vector<_Tp, _Alloc>::_M_check_len(std::vector<_Tp, _Alloc>::size_type, const char*) const [with _Tp = {anonymous}::scratch_buffer_t; _Alloc = std::allocator<{anonymous}::scratch_buffer_t>]	40	static
stl_vector.h:808:7:std::vector<_Tp, _Alloc>::iterator std::vector<_Tp, _Alloc>::begin() [with _Tp = {anonymous}::scratch_buffer_t; _Alloc = std::allocator<{anonymous}::scratch_buffer_t>]	24	static
stl_iterator.h:989:5:typename __gnu_cxx::__normal_iterator<_Iterator, _Container>::difference_type __gnu_cxx::operator-(const __gnu_cxx::__normal_iterator<_Iterator, _Container>&, const __gnu_cxx::__normal_iterator<_Iterator, _Container>&) [with _Iterator = {anonymous}::scratch_buffer_t*; _Container = std::vector<{anonymous}::scratch_buffer_t>]	24	static
stl_vector.h:340:7:std::_Vector_base<_Tp, _Alloc>::pointer std::_Vector_base<_Tp, _Alloc>::_M_allocate(std::size_t) [with _Tp = {anonymous}::scratch_buffer_t; _Alloc = std::allocator<{anonymous}::scratch_buffer_t>]	16	static
stl_vector.h:462:7:static std::vector<_Tp, _Alloc>::pointer std::vector<_Tp, _Alloc>::_S_relocate(std::vector<_Tp, _Alloc>::pointer, std::vector<_Tp, _Alloc>::pointer, std::vector<_Tp, _Alloc>::pointer, std::vector<_Tp, _Alloc>::_Tp_alloc_type&) [with _Tp = {anonymous}::scratch_buffer_t; _Alloc = std::allocator<{anonymous}::scratch_buffer_t>]	48	static
stl_iterator.h:871:7:const _Iterator& __gnu_cxx::__normal_iterator<_Iterator, _Container>::base() const [with _Iterator = {anonymous}::scratch_buffer_t*; _Container = std::vector<{anonymous}::scratch_buffer_t>]	16	static
stl_vector.h:273:7:std::_Vector_base<_Tp, _Alloc>::_Tp_alloc_type& std::_Vector_base<_Tp, _Alloc>::_M_get_Tp_allocator() [with _Tp = {anonymous}::scratch_buffer_t; _Alloc = std::allocator<{anonymous}::scratch_buffer_t>]	16	static
stl_uninitialized.h:323:5:_ForwardIterator std::__uninitialized_move_if_noexcept_a(_InputIterator, _InputIterator, _ForwardIterator, _Allocator&) [with _InputIterator = {anonymous}::scratch_buffer_t*; _ForwardIterator = {anonymous}::scratch_buffer_t*; _Allocator = std::allocator<{anonymous}::scratch_buffer_t>]	32	static
stl_construct.h:203:5:void std::_Destroy(_ForwardIterator, _ForwardIterator, std::allocator<_T2>&) [with _ForwardIterator = {anonymous}::scratch_buffer_t*; _Tp = {anonymous}::scratch_buffer_t]	24	static
new_allocator.h:119:7:void __gnu_cxx::new_allocator<_Tp>::deallocate(__gnu_cxx::new_allocator<_Tp>::pointer, __gnu_cxx::new_allocator<_Tp>::size_type) [with _Tp = void*]	24	static
stl_vector.h:920:7:std::vector<_Tp, _Alloc>::size_type std::vector<_Tp, _Alloc>::max_size() const [with _Tp = void*; _Alloc = std::allocator<void*>]	16	static
stl_algobase.h:222:5:constexpr const _Tp& std::max(const _Tp&, const _Tp&) [with _Tp = unsigned int]	16	static
alloc_traits.h:443:7:static _Tp* std::allocator_traits<std::allocator<_Tp1> >::allocate(std::allocator_traits<std::allocator<_Tp1> >::allocator_type&, std::allocator_traits<std::allocator<_Tp1> >::size_type) [with _Tp = void*]	16	static
stl_vector.h:450:7:static std::vector<_Tp, _Alloc>::pointer std::vector<_Tp, _Alloc>::_S_do_relocate(std::vector<_Tp, _Alloc>::pointer, std::vector<_Tp, _Alloc>::pointer, std::vector<_Tp, _Alloc>::pointer, std::vector<_Tp, _Alloc>::_Tp_alloc_type&, std::true_type) [with _Tp = void*; _Alloc = std::allocator<void*>]	24	static
stl_iterator.h:1242:5:_ReturnType std::__make_move_if_noexcept_iterator(_Tp*) [with _Tp = void*; _ReturnType = std::move_iterator<void**>]	24	static
stl_uninitialized.h:305:5:_ForwardIterator std::__uninitialized_copy_a(_InputIterator, _InputIterator, _ForwardIterator, std::allocator<_Tp>&) [with _InputIterator = std::move_iterator<void**>; _ForwardIterator = void**; _Tp = void*]	24	static
stl_construct.h:127:5:void std::_Destroy(_ForwardIterator, _ForwardIterator) [with _ForwardIterator = void**]	16	static
new_allocator.h:119:7:void __gnu_cxx::new_allocator<_Tp>::deallocate(__gnu_cxx::new_allocator<_Tp>::pointer, __gnu_cxx::new_allocator<_Tp>::size_type) [with _Tp = {anonymous}::scratch_buffer_t]	24	static
stl_vector.h:920:7:std::vector<_Tp, _Alloc>::size_type std::vector<_Tp, _Alloc>::max_size() const [with _Tp = {anonymous}::scratch_buffer_t; _Alloc = std::allocator<{anonymous}::scratch_buffer_t>]	16	static
alloc_traits.h:443:7:static _Tp* std::allocator_traits<std::allocator<_Tp1> >::allocate(std::allocator_traits<std::allocator<_Tp1> >::allocator_type&, std::allocator_traits<std::allocator<_Tp1> >::size_type) [with _Tp = {anonymous}::scratch_buffer_t]	16	static
stl_vector.h:450:7:static std::vector<_Tp, _Alloc>::pointer std::vector<_Tp, _Alloc>::_S_do_relocate(std::vector<_Tp, _Alloc>::pointer, std::vector<_Tp, _Alloc>::pointer, std::vector<_Tp, _Alloc>::pointer, std::vector<_Tp, _Alloc>::_Tp_alloc_type&, std::true_type) [with _Tp = {anonymous}::scratch_buffer_t; _Alloc = std::allocator<{anonymous}::scratch_buffer_t>]	24	static
stl_iterator.h:1242:5:_ReturnType std::__make_move_if_noexcept_iterator(_Tp*) [with _Tp = {anonymous}::scratch_buffer_t; _ReturnType = std::move_iterator<{anonymous}::scratch_buffer_t*>]	24	static
stl_uninitialized.h:305:5:_ForwardIterator std::__uninitialized_copy_a(_InputIterator, _InputIterator, _ForwardIterator, std::allocator<_Tp>&) [with _InputIterator = std::move_iterator<{anonymous}::scratch_buffer_t*>; _ForwardIterator = {anonymous}::scratch_buffer_t*; _Tp = {anonymous}::scratch_buffer_t]	24	static
stl_construct.h:127:5:void std::_Destroy(_ForwardIterator, _ForwardIterator) [with _ForwardIterator = {anonymous}::scratch_buffer_t*]	16	static
stl_vector.h:1773:7:static std::vector<_Tp, _Alloc>::size_type std::vector<_Tp, _Alloc>::_S_max_size(const _Tp_alloc_type&) [with _Tp = void*; _Alloc = std::allocator<void*>]	24	static
stl_vector.h:277:7:const _Tp_alloc_type& std::_Vector_base<_Tp, _Alloc>::_M_get_Tp_allocator() const [with _Tp = void*; _Alloc = std::allocator<void*>]	16	static
new_allocator.h:102:7:_Tp* __gnu_cxx::new_allocator<_Tp>::allocate(__gnu_cxx::new_allocator<_Tp>::size_type, const void*) [with _Tp = void*]	24	static
stl_uninitialized.h:958:5:_ForwardIterator std::__relocate_a(_InputIterator, _InputIterator, _ForwardIterator, _Allocator&) [with _InputIterator = void**; _ForwardIterator = void**; _Allocator = std::allocator<void*>]	32	static
stl_iterator.h:1057:7:std::move_iterator<_Iterator>::move_iterator(std::move_iterator<_Iterator>::iterator_type) [with _Iterator = void**]	16	static
stl_uninitialized.h:115:5:_ForwardIterator std::uninitialized_copy(_InputIterator, _InputIterator, _ForwardIterator) [with _InputIterator = std::move_iterator<void**>; _ForwardIterator = void**]	32	static
stl_construct.h:117:9:static void std::_Destroy_aux<true>::__destroy(_ForwardIterator, _ForwardIterator) [with _ForwardIterator = void**]	16	static
stl_vector.h:1773:7:static std::vector<_Tp, _Alloc>::size_type std::vector<_Tp, _Alloc>::_S_max_size(const _Tp_alloc_type&) [with _Tp = {anonymous}::scratch_buffer_t; _Alloc = std::allocator<{anonymous}::scratch_buffer_t>]	24	static
stl_vector.h:277:7:const _Tp_alloc_type& std::_Vector_base<_Tp, _Alloc>::_M_get_Tp_allocator() const [with _Tp = {anonymous}::scratch_buffer_t; _Alloc = std::allocator<{anonymous}::scratch_buffer_t>]	16	static
new_allocator.h:102:7:_Tp* __gnu_cxx::new_allocator<_Tp>::allocate(__gnu_cxx::new_allocator<_Tp>::size_type, const void*) [with _Tp = {anonymous}::scratch_buffer_t]	24	static
stl_uninitialized.h:958:5:_ForwardIterator std::__relocate_a(_InputIterator, _InputIterator, _ForwardIterator, _Allocator&) [with _InputIterator = {anonymous}::scratch_buffer_t*; _ForwardIterator = {anonymous}::scratch_buffer_t*; _Allocator = std::allocator<{anonymous}::scratch_buffer_t>]	32	static
stl_iterator.h:1057:7:std::move_iterator<_Iterator>::move_iterator(std::move_iterator<_Iterator>::iterator_type) [with _Iterator = {anonymous}::scratch_buffer_t*]	16	static
stl_uninitialized.h:115:5:_ForwardIterator std::uninitialized_copy(_InputIterator, _InputIterator, _ForwardIterator) [with _InputIterator = std::move_iterator<{anonymous}::scratch_buffer_t*>; _ForwardIterator = {anonymous}::scratch_buffer_t*]	32	static
stl_construct.h:117:9:static void std::_Destroy_aux<true>::__destroy(_ForwardIterator, _ForwardIterator) [with _ForwardIterator = {anonymous}::scratch_buffer_t*]	16	static
alloc_traits.h:505:7:static std::allocator_traits<std::allocator<_Tp1> >::size_type std::allocator_traits<std::allocator<_Tp1> >::max_size(const allocator_type&) [with _Tp = void*]	16	static
stl_algobase.h:198:5:constexpr const _Tp& std::min(const _Tp&, const _Tp&) [with _Tp = unsigned int]	16	static
new_allocator.h:132:7:__gnu_cxx::new_allocator<_Tp>::size_type __gnu_cxx::new_allocator<_Tp>::max_size() const [with _Tp = void*]	16	static
stl_algobase.h:280:5:_Iterator std::__niter_base(_Iterator) [with _Iterator = void**]	16	static
stl_uninitialized.h:924:5:std::__enable_if_t<std::__is_bitwise_relocatable<_Tp>::value, _Tp*> std::__relocate_a_1(_Tp*, _Tp*, _Tp*, std::allocator<_T2>&) [with _Tp = void*; _Up = void*]	32	static
stl_uninitialized.h:99:9:static _ForwardIterator std::__uninitialized_copy<true>::__uninit_copy(_InputIterator, _InputIterator, _ForwardIterator) [with _InputIterator = std::move_iterator<void**>; _ForwardIterator = void**]	24	static
alloc_traits.h:505:7:static std::allocator_traits<std::allocator<_Tp1> >::size_type std::allocator_traits<std::allocator<_Tp1> >::max_size(const allocator_type&) [with _Tp = {anonymous}::scratch_buffer_t]	16	static
new_allocator.h:132:7:__gnu_cxx::new_allocator<_Tp>::size_type __gnu_cxx::new_allocator<_Tp>::max_size() const [with _Tp = {anonymous}::scratch_buffer_t]	16	static
stl_algobase.h:280:5:_Iterator std::__niter_base(_Iterator) [with _Iterator = {anonymous}::scratch_buffer_t*]	16	static
stl_uninitialized.h:924:5:std::__enable_if_t<std::__is_bitwise_relocatable<_Tp>::value, _Tp*> std::__relocate_a_1(_Tp*, _Tp*, _Tp*, std::allocator<_T2>&) [with _Tp = {anonymous}::scratch_buffer_t; _Up = {anonymous}::scratch_buffer_t]	32	static
stl_uninitialized.h:99:9:static _ForwardIterator std::__uninitialized_copy<true>::__uninit_copy(_InputIterator, _InputIterator, _ForwardIterator) [with _InputIterator = std::move_iterator<{anonymous}::scratch_buffer_t*>; _ForwardIterator = {anonymous}::scratch_buffer_t*]	24	static
stl_algobase.h:465:5:_OI std::copy(_II, _II, _OI) [with _II = std::move_iterator<void**>; _OI = void**]	32	static
stl_algobase.h:465:5:_OI std::copy(_II, _II, _OI) [with _II = std::move_iterator<{anonymous}::scratch_buffer_t*>; _OI = {anonymous}::scratch_buffer_t*]	32	static
stl_iterator.h:1262:5:base())) std::__miter_base(std::move_iterator<_IteratorL>) [with _Iterator = void**]	16	static
stl_algobase.h:438:5:_OI std::__copy_move_a2(_II, _II, _OI) [with bool _IsMove = true; _II = void**; _OI = void**]	32	static
stl_iterator.h:1262:5:base())) std::__miter_base(std::move_iterator<_IteratorL>) [with _Iterator = {anonymous}::scratch_buffer_t*]	16	static
stl_algobase.h:438:5:_OI std::__copy_move_a2(_II, _II, _OI) [with bool _IsMove = true; _II = {anonymous}::scratch_buffer_t*; _OI = {anonymous}::scratch_buffer_t*]	32	static
stl_iterator.h:1066:7:std::move_iterator<_Iterator>::iterator_type std::move_iterator<_Iterator>::base() const [with _Iterator = void**]	16	static
cpp_type_traits.h:428:5:_Iterator std::__miter_base(_Iterator) [with _Iterator = void**]	16	static
stl_algobase.h:393:5:_OI std::__copy_move_a(_II, _II, _OI) [with bool _IsMove = true; _II = void**; _OI = void**]	32	static
stl_algobase.h:295:5:_Iterator std::__niter_wrap(const _Iterator&, _Iterator) [with _Iterator = void**]	16	static
stl_iterator.h:1066:7:std::move_iterator<_Iterator>::iterator_type std::move_iterator<_Iterator>::base() const [with _Iterator = {anonymous}::scratch_buffer_t*]	16	static
cpp_type_traits.h:428:5:_Iterator std::__miter_base(_Iterator) [with _Iterator = {anonymous}::scratch_buffer_t*]	16	static
stl_algobase.h:393:5:_OI std::__copy_move_a(_II, _II, _OI) [with bool _IsMove = true; _II = {anonymous}::scratch_buffer_t*; _OI = {anonymous}::scratch_buffer_t*]	32	static
stl_algobase.h:295:5:_Iterator std::__niter_wrap(const _Iterator&, _Iterator) [with _Iterator = {anonymous}::scratch_buffer_t*]	16	static
stl_algobase.h:375:2:static _Tp* std::__copy_move<_IsMove, true, std::random_access_iterator_tag>::__copy_m(const _Tp*, const _Tp*, _Tp*) [with _Tp = void*; bool _IsMove = true]	32	static
stl_algobase.h:375:2:static _Tp* std::__copy_move<_IsMove, true, std::random_access_iterator_tag>::__copy_m(const _Tp*, const _Tp*, _Tp*) [with _Tp = {anonymous}::scratch_buffer_t; bool _IsMove = true]	32	static
trained_model_compiled.cpp:684:1:void __static_initialization_and_destruction_0(int, int)	16	static
stl_vector.h:675:7:std::vector<_Tp, _Alloc>::~vector() [with _Tp = {anonymous}::scratch_buffer_t; _Alloc = std::allocator<{anonymous}::scratch_buffer_t>]	24	static
stl_vector.h:675:7:std::vector<_Tp, _Alloc>::~vector() [with _Tp = void*; _Alloc = std::allocator<void*>]	24	static
trained_model_compiled.cpp:684:1:cpp)	8	static
trained_model_compiled.cpp:684:1:cpp)	8	static
