stl_algobase.h:1020:3:constexpr int std::__lg(int)	16	static
new:173:33:void* operator new(std::size_t, void*)	16	static
std_abs.h:75:3:constexpr float std::abs(float)	16	static
cmath:165:3:constexpr float std::ceil(float)	16	static
cmath:222:3:constexpr float std::exp(float)	16	static
cmath:260:3:constexpr float std::floor(float)	16	static
cmath:463:3:constexpr float std::sqrt(float)	16	static
cmath:1756:3:constexpr float std::round(float)	16	static
gthr-default.h:229:1:int __gthread_key_delete(__gthread_key_t)	16	static
std_function.h:87:17:void* std::_Any_data::_M_access()	16	static
std_function.h:88:17:const void* std::_Any_data::_M_access() const	16	static
std_function.h:255:5:std::_Function_base::_Function_base()	16	static
std_function.h:257:5:std::_Function_base::~_Function_base()	16	static
std_function.h:263:10:bool std::_Function_base::_M_empty() const	16	static
numpy_types.h:74:5:ei::ei_matrix::ei_matrix(uint32_t, uint32_t, float*)	24	static
numpy_types.h:112:5:ei::ei_matrix::~ei_matrix()	16	static
numpy_types.h:159:5:ei::ei_quantized_matrix::ei_quantized_matrix(uint32_t, uint32_t, float (*)(uint8_t), uint8_t*)	24	static
numpy_types.h:201:5:ei::ei_quantized_matrix::~ei_quantized_matrix()	16	static
numpy_types.h:262:32:void std::__throw_bad_function_call()	4	static
numpy_types.h:263:32:void std::__throw_length_error(const char*)	16	static
numpy.hpp:64:16:static int ei::numpy::roll(float*, size_t, int)	48	static
numpy.hpp:88:18:static float ei::numpy::sum(float*, size_t)	24	static
numpy.hpp:222:23:static int ei::numpy::dot_by_row(int, float*, size_t, ei::quantized_matrix_t*, ei::matrix_t*)	56	static
numpy.hpp:264:16:static int ei::numpy::transpose(ei::matrix_t*)	24	static
numpy.hpp:286:16:static int ei::numpy::transpose(float*, int, int)	72	static
numpy.hpp:378:16:static int ei::numpy::dct2(float*, size_t, ei::DCT_NORMALIZATION_MODE)	48	static
numpy.hpp:408:16:static int ei::numpy::dct2(ei::matrix_t*, ei::DCT_NORMALIZATION_MODE)	24	static
numpy.hpp:423:20:static uint8_t ei::numpy::quantize_zero_one(float)	40	static
numpy.hpp:465:18:static float ei::numpy::dequantize_zero_one(uint8_t)	16	static
numpy.hpp:479:16:static int ei::numpy::pad_1d_symmetric(ei::matrix_t*, ei::matrix_t*, uint16_t, uint16_t)	48	static
numpy.hpp:549:16:static int ei::numpy::scale(ei::matrix_t*, float)	40	static
numpy.hpp:642:16:static int ei::numpy::subtract(ei::matrix_t*, float)	24	static
numpy.hpp:655:16:static int ei::numpy::subtract(ei::matrix_t*, ei::matrix_t*)	48	static
numpy.hpp:681:16:static int ei::numpy::rms(ei::matrix_t*, ei::matrix_t*)	24	static
numpy.hpp:713:16:static int ei::numpy::mean(ei::matrix_t*, ei::matrix_t*)	24	static
numpy.hpp:746:16:static int ei::numpy::mean_axis0(ei::matrix_t*, ei::matrix_t*)	32	static
numpy.hpp:792:16:static int ei::numpy::std_axis0(ei::matrix_t*, ei::matrix_t*)	16	static
numpy.hpp:843:16:static int ei::numpy::min(ei::matrix_t*, ei::matrix_t*)	32	static
numpy.hpp:879:16:static int ei::numpy::max(ei::matrix_t*, ei::matrix_t*)	32	static
numpy.hpp:915:16:static int ei::numpy::stdev(ei::matrix_t*, ei::matrix_t*)	40	static
numpy.hpp:959:16:static int ei::numpy::skew(ei::matrix_t*, ei::matrix_t*)	40	static
numpy.hpp:1024:16:static int ei::numpy::kurtosis(ei::matrix_t*, ei::matrix_t*)	32	static
numpy.hpp:1091:16:static int ei::numpy::rfft(const float*, size_t, float*, size_t, size_t)	112	static
numpy.hpp:1168:16:static int ei::numpy::rfft(const float*, size_t, ei::fft_complex_t*, size_t, size_t)	112	static
numpy.hpp:1257:16:static int ei::numpy::linspace(float, float, uint32_t, float*)	32	static
numpy.hpp:1289:16:static int ei::numpy::int16_to_float(const q15_t*, float*, size_t)	24	static
numpy.hpp:1334:28:ei::numpy::signal_from_buffer(float*, size_t, ei::signal_t*)::<lambda(size_t, size_t, float*)>	24	static
numpy.hpp:1328:16:static int ei::numpy::signal_from_buffer(float*, size_t, ei::signal_t*)	32	static
numpy.hpp:1378:16:static int ei::numpy::log(ei::matrix_t*)	64	static
numpy.hpp:1388:16:static int ei::numpy::software_rfft(float*, float*, size_t, size_t)	56	static
numpy.hpp:1419:16:static int ei::numpy::software_rfft(float*, ei::fft_complex_t*, size_t, size_t)	40	static
numpy.hpp:1439:16:static int ei::numpy::signal_get_data(float*, size_t, size_t, float*)	24	static
numpy.hpp:1454:17:static void ei::numpy::cmsis_arm_variance(const float32_t*, uint32_t, float32_t*)	48	static
numpy.hpp:1524:16:static int ei::numpy::std_axis0_CMSIS(ei::matrix_t*, ei::matrix_t*)	56	static
numpy.hpp:1578:17:static void ei::numpy::cmsis_arm_third_moment(const float32_t*, uint32_t, float32_t, float32_t*)	40	static
numpy.hpp:1636:17:static void ei::numpy::cmsis_arm_fourth_moment(const float32_t*, uint32_t, float32_t, float32_t*)	48	static
filters.hpp:46:17:void ei::spectral::filters::butterworth_lowpass(int, float, float, const float*, float*, size_t)	120	static
filters.hpp:102:17:void ei::spectral::filters::butterworth_highpass(int, float, float, const float*, float*, size_t)	120	static
processing.hpp:89:40:int ei::spectral::processing::scale(float*, size_t, float)	48	static
processing.hpp:105:16:int ei::spectral::processing::butterworth_lowpass_filter(ei::matrix_t*, float, float, uint8_t)	40	static
processing.hpp:134:16:int ei::spectral::processing::butterworth_highpass_filter(ei::matrix_t*, float, float, uint8_t)	40	static
processing.hpp:163:16:int ei::spectral::processing::find_peak_indexes(ei::matrix_t*, ei::matrix_t*, float, uint16_t*)	72	static
stl_vector.h:125:14:std::_Vector_base<ei::spectral::processing::freq_peak_t, std::allocator<ei::spectral::processing::freq_peak_t> >::_Vector_impl::~_Vector_impl()	16	static
stl_vector.h:285:7:std::_Vector_base<_Tp, _Alloc>::_Vector_base() [with _Tp = ei::spectral::processing::freq_peak_t; _Alloc = std::allocator<ei::spectral::processing::freq_peak_t>]	16	static
stl_vector.h:484:7:std::vector<_Tp, _Alloc>::vector() [with _Tp = ei::spectral::processing::freq_peak_t; _Alloc = std::allocator<ei::spectral::processing::freq_peak_t>]	16	static
processing.hpp:274:13:ei::spectral::processing::find_fft_peaks(ei::matrix_t*, ei::matrix_t*, float, float, uint16_t)::<lambda(const ei::spectral::processing::freq_peak_t&, const ei::spectral::processing::freq_peak_t&)>	24	static
processing.hpp:226:16:int ei::spectral::processing::find_fft_peaks(ei::matrix_t*, ei::matrix_t*, float, float, uint16_t)	144	static
processing.hpp:306:9:int ei::spectral::processing::spectral_power_edges(ei::matrix_t*, ei::matrix_t*, ei::matrix_t*, ei::matrix_t*, float)	88	static
processing.hpp:368:9:int ei::spectral::processing::periodogram(ei::matrix_t*, ei::matrix_t*, ei::matrix_t*, float, uint16_t)	128	static
feature.hpp:57:16:static int ei::spectral::feature::spectral_analysis(ei::matrix_t*, ei::matrix_t*, float, ei::spectral::filter_t, float, uint8_t, uint16_t, uint8_t, float, ei::matrix_t*)	224	static
feature.hpp:191:19:static size_t ei::spectral::feature::calculate_spectral_buffer_size(bool, size_t, size_t)	32	static
functions.hpp:42:18:static float ei::speechpy::functions::frequency_to_mel(float)	56	static
functions.hpp:52:18:static float ei::speechpy::functions::mel_to_frequency(float)	16	static
functions.hpp:63:17:static void ei::speechpy::functions::zero_handling(float*, size_t)	24	static
functions.hpp:77:17:static void ei::speechpy::functions::zero_handling(ei::matrix_t*)	16	static
functions.hpp:90:17:static void ei::speechpy::functions::triangle(float*, size_t, int, int, int)	48	static
processing.hpp:38:5:ei::speechpy::ei_stack_frames_info::~ei_stack_frames_info()	24	static
processing.hpp:54:9:ei::speechpy::processing::preemphasis::preemphasis(ei::ei_signal_t*, int, float)	24	static
processing.hpp:77:13:int ei::speechpy::processing::preemphasis::get_data(size_t, size_t, float*)	40	static
processing.hpp:122:9:ei::speechpy::processing::preemphasis::~preemphasis()	16	static
processing.hpp:151:40:int ei::speechpy::processing::preemphasis(float*, size_t, int, float)	40	static
stl_vector.h:125:14:std::_Vector_base<long unsigned int, std::allocator<long unsigned int> >::_Vector_impl::~_Vector_impl()	16	static
stl_vector.h:285:7:std::_Vector_base<_Tp, _Alloc>::_Vector_base() [with _Tp = long unsigned int; _Alloc = std::allocator<long unsigned int>]	16	static
stl_vector.h:484:7:std::vector<_Tp, _Alloc>::vector() [with _Tp = long unsigned int; _Alloc = std::allocator<long unsigned int>]	16	static
processing.hpp:194:16:int ei::speechpy::processing::stack_frames(ei::speechpy::stack_frames_info_t*, uint32_t, float, float, bool)	72	static
processing.hpp:260:20:int32_t ei::speechpy::processing::calculate_no_of_stack_frames(size_t, uint32_t, float, float, bool)	48	static
processing.hpp:295:16:int ei::speechpy::processing::power_spectrum(float*, size_t, float*, size_t, uint16_t)	48	static
processing.hpp:326:16:int ei::speechpy::processing::cmvnw(ei::matrix_t*, uint16_t, bool)	112	static
feature.hpp:54:16:static int ei::speechpy::feature::filterbanks(ei::quantized_matrix_t*, uint16_t, int, uint32_t, uint32_t, uint32_t, bool)	120	static
feature.hpp:193:16:static int ei::speechpy::feature::mfe(ei::matrix_t*, ei::matrix_t*, ei::signal_t*, uint32_t, float, float, uint16_t, uint16_t, uint32_t, uint32_t)	152	static
feature.hpp:328:26:static ei::matrix_size_t ei::speechpy::feature::calculate_mfe_buffer_size(size_t, uint32_t, float, float, uint16_t)	40	static
feature.hpp:370:16:static int ei::speechpy::feature::mfcc(ei::matrix_t*, ei::signal_t*, uint32_t, float, float, uint8_t, uint16_t, uint16_t, uint32_t, uint32_t, bool)	152	static
feature.hpp:449:26:static ei::matrix_size_t ei::speechpy::feature::calculate_mfcc_buffer_size(size_t, uint32_t, float, float, uint16_t)	40	static
ei_run_dsp.h:44:29:int {anonymous}::extract_spectral_analysis_features(ei::signal_t*, ei::matrix_t*, void*)	280	static
ei_run_dsp.h:129:29:int {anonymous}::extract_raw_features(ei::signal_t*, ei::matrix_t*, void*)	64	static
ei_run_dsp.h:150:29:int {anonymous}::extract_flatten_features(ei::signal_t*, ei::matrix_t*, void*)	240	static
ei_run_dsp.h:252:12:int {anonymous}::preemphasized_audio_signal_get_data(size_t, size_t, float*)	24	static
std_function.h:369:11:std::function<int(unsigned int, unsigned int, float*)>::~function()	16	static
numpy_types.h:234:16:ei::ei_signal_t::ei_signal_t()	16	static
numpy_types.h:234:16:ei::ei_signal_t::~ei_signal_t()	16	static
ei_run_dsp.h:256:29:int {anonymous}::extract_mfcc_features(ei::signal_t*, ei::matrix_t*, void*)	176	static
ei_run_dsp.h:310:29:int {anonymous}::extract_mfcc_per_slice_features(ei::signal_t*, ei::matrix_t*, void*)	176	static
ei_run_dsp.h:368:29:int {anonymous}::extract_image_features(ei::signal_t*, ei::matrix_t*, void*)	96	static
ei_aligned_malloc.h:52:8:void* {anonymous}::ei_aligned_malloc(size_t, size_t)	32	static
ei_aligned_malloc.h:90:6:void {anonymous}::ei_aligned_free(void*)	24	static
ei_run_classifier.h:134:18:float {anonymous}::run_moving_average_filter(ei_impulse_maf*, float)	16	static
ei_run_classifier.h:152:13:void {anonymous}::clear_moving_average_filter(ei_impulse_maf*)	24	static
ei_run_classifier.h:164:17:void {anonymous}::run_classifier_init()	16	static
ei_run_classifier.h:187:84:void __tcf_0()	8	static
ei_run_classifier.h:184:29:EI_IMPULSE_ERROR {anonymous}::run_classifier_continuous(ei::signal_t*, ei_impulse_result_t*, bool)	128	static
ei_run_classifier.h:293:29:EI_IMPULSE_ERROR {anonymous}::run_inference(ei::matrix_t*, ei_impulse_result_t*, bool)	80	static
ei_run_classifier.h:650:29:EI_IMPULSE_ERROR {anonymous}::run_classifier(ei::signal_t*, ei_impulse_result_t*, bool)	104	static
ei_run_classifier.h:722:13:void {anonymous}::calc_cepstral_mean_and_var_normalization(ei::ei_matrix*, void*)	24	static
ei_run_classifier.h:751:42:EI_IMPULSE_ERROR {anonymous}::run_impulse(ei_impulse_result_t*, std::function<void(float*, unsigned int)>, bool)	64104	static
main.cpp:101:5:int main()	128	static
main.cpp:225:6:void SystemClock_Config()	184	static
main.cpp:283:13:void MX_CRC_Init()	8	static
main.cpp:309:13:void MX_SAI1_Init()	8	static
main.cpp:346:13:void MX_USART2_UART_Init()	8	static
main.cpp:377:13:void MX_DMA_Init()	16	static
main.cpp:395:13:void MX_GPIO_Init()	48	static
main.cpp:430:6:bool ei_microphone_inference_record()	16	static
main.cpp:455:6:bool ei_microphone_inference_end()	8	static
main.cpp:474:13:void audio_buffer_inference_callback(uint32_t, uint32_t)	24	static
main.cpp:493:12:int get_audio_signal_data(size_t, size_t, float*)	24	static
main.cpp:503:6:void vprint(const char*, va_list)	216	static
main.cpp:515:6:)	16	static
main.cpp:526:6:void HAL_SAI_RxHalfCpltCallback(SAI_HandleTypeDef*)	16	static
main.cpp:537:6:void HAL_SAI_RxCpltCallback(SAI_HandleTypeDef*)	16	static
main.cpp:551:6:void Error_Handler()	4	static,ignoring_inline_asm
cmath:475:5:constexpr typename __gnu_cxx::__enable_if<std::__is_integer<_Tp>::__value, double>::__type std::sqrt(_Tp) [with _Tp = int]	16	static
std_function.h:523:2:)>::operator=(_Functor&&) [with _Functor = ei::numpy::signal_from_buffer(float*, size_t, ei::signal_t*)::<lambda(size_t, size_t, float*)>; _Res = int; _ArgTypes = {unsigned int, unsigned int, float*}]	32	static
cmath:415:5:constexpr typename __gnu_cxx::__promote_2<_Tp, _Up>::__type std::pow(_Tp, _Up) [with _Tp = float; _Up = int]	24	static
std_function.h:683:5:) const [with _Res = int; _ArgTypes = {unsigned int, unsigned int, float*}]	40	static
cmath:272:5:constexpr typename __gnu_cxx::__enable_if<std::__is_integer<_Tp>::__value, double>::__type std::floor(_Tp) [with _Tp = int]	16	static
stl_vector.h:128:2:std::_Vector_base<_Tp, _Alloc>::_Vector_impl::_Vector_impl() [with _Tp = ei::spectral::processing::freq_peak_t; _Alloc = std::allocator<ei::spectral::processing::freq_peak_t>]	16	static
allocator.h:153:7:std::allocator< <template-parameter-1-1> >::~allocator() [with _Tp = ei::spectral::processing::freq_peak_t]	16	static
stl_vector.h:330:7:std::_Vector_base<_Tp, _Alloc>::~_Vector_base() [with _Tp = ei::spectral::processing::freq_peak_t; _Alloc = std::allocator<ei::spectral::processing::freq_peak_t>]	16	static
stl_vector.h:675:7:std::vector<_Tp, _Alloc>::~vector() [with _Tp = ei::spectral::processing::freq_peak_t; _Alloc = std::allocator<ei::spectral::processing::freq_peak_t>]	24	static
stl_vector.h:1184:7:void std::vector<_Tp, _Alloc>::push_back(const value_type&) [with _Tp = ei::spectral::processing::freq_peak_t; _Alloc = std::allocator<ei::spectral::processing::freq_peak_t>]	16	static
stl_vector.h:808:7:std::vector<_Tp, _Alloc>::iterator std::vector<_Tp, _Alloc>::begin() [with _Tp = ei::spectral::processing::freq_peak_t; _Alloc = std::allocator<ei::spectral::processing::freq_peak_t>]	24	static
stl_vector.h:826:7:std::vector<_Tp, _Alloc>::iterator std::vector<_Tp, _Alloc>::end() [with _Tp = ei::spectral::processing::freq_peak_t; _Alloc = std::allocator<ei::spectral::processing::freq_peak_t>]	24	static
stl_algo.h:4887:5:void std::sort(_RAIter, _RAIter, _Compare) [with _RAIter = __gnu_cxx::__normal_iterator<ei::spectral::processing::freq_peak_t*, std::vector<ei::spectral::processing::freq_peak_t> >; _Compare = ei::spectral::processing::find_fft_peaks(ei::matrix_t*, ei::matrix_t*, float, float, uint16_t)::<lambda(const ei::spectral::processing::freq_peak_t&, const ei::spectral::processing::freq_peak_t&)>]	32	static
stl_vector.h:915:7:std::vector<_Tp, _Alloc>::size_type std::vector<_Tp, _Alloc>::size() const [with _Tp = ei::spectral::processing::freq_peak_t; _Alloc = std::allocator<ei::spectral::processing::freq_peak_t>]	16	static
stl_vector.h:1040:7:std::vector<_Tp, _Alloc>::reference std::vector<_Tp, _Alloc>::operator[](std::vector<_Tp, _Alloc>::size_type) [with _Tp = ei::spectral::processing::freq_peak_t; _Alloc = std::allocator<ei::spectral::processing::freq_peak_t>]	16	static
stl_vector.h:675:7:std::vector<_Tp, _Alloc>::~vector() [with _Tp = long unsigned int; _Alloc = std::allocator<long unsigned int>]	24	static
std_function.h:564:16:)>::operator bool() const [with _Res = int; _ArgTypes = {unsigned int, unsigned int, float*}]	16	static
stl_vector.h:128:2:std::_Vector_base<_Tp, _Alloc>::_Vector_impl::_Vector_impl() [with _Tp = long unsigned int; _Alloc = std::allocator<long unsigned int>]	16	static
allocator.h:153:7:std::allocator< <template-parameter-1-1> >::~allocator() [with _Tp = long unsigned int]	16	static
stl_vector.h:330:7:std::_Vector_base<_Tp, _Alloc>::~_Vector_base() [with _Tp = long unsigned int; _Alloc = std::allocator<long unsigned int>]	16	static
stl_vector.h:1200:7:void std::vector<_Tp, _Alloc>::push_back(std::vector<_Tp, _Alloc>::value_type&&) [with _Tp = long unsigned int; _Alloc = std::allocator<long unsigned int>]	16	static
stl_vector.h:915:7:std::vector<_Tp, _Alloc>::size_type std::vector<_Tp, _Alloc>::size() const [with _Tp = long unsigned int; _Alloc = std::allocator<long unsigned int>]	16	static
stl_vector.h:1089:7:std::vector<_Tp, _Alloc>::reference std::vector<_Tp, _Alloc>::at(std::vector<_Tp, _Alloc>::size_type) [with _Tp = long unsigned int; _Alloc = std::allocator<long unsigned int>]	16	static
std_function.h:396:7:)>::function() [with _Res = int; _ArgTypes = {unsigned int, unsigned int, float*}]	16	static
std_function.h:523:2:)>::operator=(_Functor&&) [with _Functor = int (*)(unsigned int, unsigned int, float*); _Res = int; _ArgTypes = {unsigned int, unsigned int, float*}]	32	static
std_function.h:683:5:) const [with _Res = void; _ArgTypes = {float*, unsigned int}]	40	static
move.h:74:5:constexpr _Tp&& std::forward(typename std::remove_reference<_Tp>::type&) [with _Tp = ei::numpy::signal_from_buffer(float*, size_t, ei::signal_t*)::<lambda(size_t, size_t, float*)>]	16	static
std_function.h:667:7:)>::function(_Functor) [with _Functor = ei::numpy::signal_from_buffer(float*, size_t, ei::signal_t*)::<lambda(size_t, size_t, float*)>; <template-parameter-2-2> = void; <template-parameter-2-3> = void; _Res = int; _ArgTypes = {unsigned int, unsigned int, float*}]	24	static
std_function.h:547:12:)>&) [with _Res = int; _ArgTypes = {unsigned int, unsigned int, float*}]	16	static
move.h:74:5:constexpr _Tp&& std::forward(typename std::remove_reference<_Tp>::type&) [with _Tp = unsigned int]	16	static
move.h:74:5:constexpr _Tp&& std::forward(typename std::remove_reference<_Tp>::type&) [with _Tp = float*]	16	static
allocator.h:138:7:std::allocator< <template-parameter-1-1> >::allocator() [with _Tp = ei::spectral::processing::freq_peak_t]	16	static
stl_vector.h:94:2:std::_Vector_base<_Tp, _Alloc>::_Vector_impl_data::_Vector_impl_data() [with _Tp = ei::spectral::processing::freq_peak_t; _Alloc = std::allocator<ei::spectral::processing::freq_peak_t>]	16	static
new_allocator.h:89:7:__gnu_cxx::new_allocator<_Tp>::~new_allocator() [with _Tp = ei::spectral::processing::freq_peak_t]	16	static
stl_vector.h:347:7:void std::_Vector_base<_Tp, _Alloc>::_M_deallocate(std::_Vector_base<_Tp, _Alloc>::pointer, std::size_t) [with _Tp = ei::spectral::processing::freq_peak_t; _Alloc = std::allocator<ei::spectral::processing::freq_peak_t>]	24	static
stl_vector.h:273:7:std::_Vector_base<_Tp, _Alloc>::_Tp_alloc_type& std::_Vector_base<_Tp, _Alloc>::_M_get_Tp_allocator() [with _Tp = ei::spectral::processing::freq_peak_t; _Alloc = std::allocator<ei::spectral::processing::freq_peak_t>]	16	static
stl_construct.h:203:5:void std::_Destroy(_ForwardIterator, _ForwardIterator, std::allocator<_T2>&) [with _ForwardIterator = ei::spectral::processing::freq_peak_t*; _Tp = ei::spectral::processing::freq_peak_t]	24	static
alloc_traits.h:482:2:) [with _Up = ei::spectral::processing::freq_peak_t; _Args = {const ei::spectral::processing::freq_peak_t&}; _Tp = ei::spectral::processing::freq_peak_t]	24	static
stl_vector.h:441:7:static constexpr bool std::vector<_Tp, _Alloc>::_S_use_relocate() [with _Tp = ei::spectral::processing::freq_peak_t; _Alloc = std::allocator<ei::spectral::processing::freq_peak_t>]	16	static
stl_vector.h:428:7:static constexpr bool std::vector<_Tp, _Alloc>::_S_nothrow_relocate(std::true_type) [with _Tp = ei::spectral::processing::freq_peak_t; _Alloc = std::allocator<ei::spectral::processing::freq_peak_t>]	16	static
vector.tcc:426:7:) [with _Args = {const ei::spectral::processing::freq_peak_t&}; _Tp = ei::spectral::processing::freq_peak_t; _Alloc = std::allocator<ei::spectral::processing::freq_peak_t>]	64	static
stl_iterator.h:806:7:__gnu_cxx::__normal_iterator<_Iterator, _Container>::__normal_iterator(const _Iterator&) [with _Iterator = ei::spectral::processing::freq_peak_t*; _Container = std::vector<ei::spectral::processing::freq_peak_t>]	16	static
predefined_ops.h:149:5:constexpr __gnu_cxx::__ops::_Iter_comp_iter<_Compare> __gnu_cxx::__ops::__iter_comp_iter(_Compare) [with _Compare = ei::spectral::processing::find_fft_peaks(ei::matrix_t*, ei::matrix_t*, float, float, uint16_t)::<lambda(const ei::spectral::processing::freq_peak_t&, const ei::spectral::processing::freq_peak_t&)>]	32	static
stl_algo.h:1962:5:void std::__sort(_RandomAccessIterator, _RandomAccessIterator, _Compare) [with _RandomAccessIterator = __gnu_cxx::__normal_iterator<ei::spectral::processing::freq_peak_t*, std::vector<ei::spectral::processing::freq_peak_t> >; _Compare = __gnu_cxx::__ops::_Iter_comp_iter<ei::spectral::processing::find_fft_peaks(ei::matrix_t*, ei::matrix_t*, float, float, uint16_t)::<lambda(const ei::spectral::processing::freq_peak_t&, const ei::spectral::processing::freq_peak_t&)> >]	24	static
stl_vector.h:273:7:std::_Vector_base<_Tp, _Alloc>::_Tp_alloc_type& std::_Vector_base<_Tp, _Alloc>::_M_get_Tp_allocator() [with _Tp = long unsigned int; _Alloc = std::allocator<long unsigned int>]	16	static
stl_construct.h:203:5:void std::_Destroy(_ForwardIterator, _ForwardIterator, std::allocator<_T2>&) [with _ForwardIterator = long unsigned int*; _Tp = long unsigned int]	24	static
allocator.h:138:7:std::allocator< <template-parameter-1-1> >::allocator() [with _Tp = long unsigned int]	16	static
stl_vector.h:94:2:std::_Vector_base<_Tp, _Alloc>::_Vector_impl_data::_Vector_impl_data() [with _Tp = long unsigned int; _Alloc = std::allocator<long unsigned int>]	16	static
new_allocator.h:89:7:__gnu_cxx::new_allocator<_Tp>::~new_allocator() [with _Tp = long unsigned int]	16	static
stl_vector.h:347:7:void std::_Vector_base<_Tp, _Alloc>::_M_deallocate(std::_Vector_base<_Tp, _Alloc>::pointer, std::size_t) [with _Tp = long unsigned int; _Alloc = std::allocator<long unsigned int>]	24	static
move.h:99:5:constexpr typename std::remove_reference<_Tp>::type&& std::move(_Tp&&) [with _Tp = long unsigned int&]	16	static
vector.tcc:109:7:) [with _Args = {long unsigned int}; _Tp = long unsigned int; _Alloc = std::allocator<long unsigned int>]	24	static
stl_vector.h:1067:7:void std::vector<_Tp, _Alloc>::_M_range_check(std::vector<_Tp, _Alloc>::size_type) const [with _Tp = long unsigned int; _Alloc = std::allocator<long unsigned int>]	16	static
stl_vector.h:1040:7:std::vector<_Tp, _Alloc>::reference std::vector<_Tp, _Alloc>::operator[](std::vector<_Tp, _Alloc>::size_type) [with _Tp = long unsigned int; _Alloc = std::allocator<long unsigned int>]	16	static
move.h:74:5:constexpr _Tp&& std::forward(typename std::remove_reference<_Tp>::type&) [with _Tp = int (*)(unsigned int, unsigned int, float*)]	16	static
std_function.h:667:7:)>::function(_Functor) [with _Functor = int (*)(unsigned int, unsigned int, float*); <template-parameter-2-2> = void; <template-parameter-2-3> = void; _Res = int; _ArgTypes = {unsigned int, unsigned int, float*}]	24	static
std_function.h:242:4:static bool std::_Function_base::_Base_manager<_Functor>::_M_not_empty_function(const _Tp&) [with _Tp = ei::numpy::signal_from_buffer(float*, size_t, ei::signal_t*)::<lambda(size_t, size_t, float*)>; _Functor = ei::numpy::signal_from_buffer(float*, size_t, ei::signal_t*)::<lambda(size_t, size_t, float*)>]	16	static
move.h:99:5:constexpr typename std::remove_reference<_Tp>::type&& std::move(_Tp&&) [with _Tp = ei::numpy::signal_from_buffer(float*, size_t, ei::signal_t*)::<lambda(size_t, size_t, float*)>&]	16	static
std_function.h:222:2:static void std::_Function_base::_Base_manager<_Functor>::_M_init_functor(std::_Any_data&, _Functor&&) [with _Functor = ei::numpy::signal_from_buffer(float*, size_t, ei::signal_t*)::<lambda(size_t, size_t, float*)>]	32	static
std_function.h:283:7:) [with _Res = int; _Functor = ei::numpy::signal_from_buffer(float*, size_t, ei::signal_t*)::<lambda(size_t, size_t, float*)>; _ArgTypes = {unsigned int, unsigned int, float*}]	40	static
std_function.h:196:2:static bool std::_Function_base::_Base_manager<_Functor>::_M_manager(std::_Any_data&, const std::_Any_data&, std::_Manager_operation) [with _Functor = ei::numpy::signal_from_buffer(float*, size_t, ei::signal_t*)::<lambda(size_t, size_t, float*)>]	40	static
move.h:99:5:constexpr typename std::remove_reference<_Tp>::type&& std::move(_Tp&&) [with _Tp = std::_Any_data&]	16	static
move.h:182:5:typename std::enable_if<std::__and_<std::__not_<std::__is_tuple_like<_Tp> >, std::is_move_constructible<_Tp>, std::is_move_assignable<_Tp> >::value>::type std::swap(_Tp&, _Tp&) [with _Tp = std::_Any_data]	24	static
move.h:99:5:constexpr typename std::remove_reference<_Tp>::type&& std::move(_Tp&&) [with _Tp = bool (*&)(std::_Any_data&, const std::_Any_data&, std::_Manager_operation)]	16	static
move.h:182:5:typename std::enable_if<std::__and_<std::__not_<std::__is_tuple_like<_Tp> >, std::is_move_constructible<_Tp>, std::is_move_assignable<_Tp> >::value>::type std::swap(_Tp&, _Tp&) [with _Tp = bool (*)(std::_Any_data&, const std::_Any_data&, std::_Manager_operation)]	24	static
move.h:99:5:constexpr typename std::remove_reference<_Tp>::type&& std::move(_Tp&&) [with _Tp = int (*&)(const std::_Any_data&, unsigned int&&, unsigned int&&, float*&&)]	16	static
move.h:182:5:typename std::enable_if<std::__and_<std::__not_<std::__is_tuple_like<_Tp> >, std::is_move_constructible<_Tp>, std::is_move_assignable<_Tp> >::value>::type std::swap(_Tp&, _Tp&) [with _Tp = int (*)(const std::_Any_data&, unsigned int&&, unsigned int&&, float*&&)]	24	static
new_allocator.h:80:7:__gnu_cxx::new_allocator<_Tp>::new_allocator() [with _Tp = ei::spectral::processing::freq_peak_t]	16	static
alloc_traits.h:469:7:static void std::allocator_traits<std::allocator<_Tp1> >::deallocate(std::allocator_traits<std::allocator<_Tp1> >::allocator_type&, std::allocator_traits<std::allocator<_Tp1> >::pointer, std::allocator_traits<std::allocator<_Tp1> >::size_type) [with _Tp = ei::spectral::processing::freq_peak_t]	24	static
stl_construct.h:127:5:void std::_Destroy(_ForwardIterator, _ForwardIterator) [with _ForwardIterator = ei::spectral::processing::freq_peak_t*]	16	static
move.h:74:5:constexpr _Tp&& std::forward(typename std::remove_reference<_Tp>::type&) [with _Tp = const ei::spectral::processing::freq_peak_t&]	16	static
new_allocator.h:144:2:) [with _Up = ei::spectral::processing::freq_peak_t; _Args = {const ei::spectral::processing::freq_peak_t&}; _Tp = ei::spectral::processing::freq_peak_t]	32	static
stl_vector.h:1753:7:std::vector<_Tp, _Alloc>::size_type std::vector<_Tp, _Alloc>::_M_check_len(std::vector<_Tp, _Alloc>::size_type, const char*) const [with _Tp = ei::spectral::processing::freq_peak_t; _Alloc = std::allocator<ei::spectral::processing::freq_peak_t>]	40	static
stl_iterator.h:989:5:typename __gnu_cxx::__normal_iterator<_Iterator, _Container>::difference_type __gnu_cxx::operator-(const __gnu_cxx::__normal_iterator<_Iterator, _Container>&, const __gnu_cxx::__normal_iterator<_Iterator, _Container>&) [with _Iterator = ei::spectral::processing::freq_peak_t*; _Container = std::vector<ei::spectral::processing::freq_peak_t>]	24	static
stl_vector.h:340:7:std::_Vector_base<_Tp, _Alloc>::pointer std::_Vector_base<_Tp, _Alloc>::_M_allocate(std::size_t) [with _Tp = ei::spectral::processing::freq_peak_t; _Alloc = std::allocator<ei::spectral::processing::freq_peak_t>]	16	static
stl_vector.h:462:7:static std::vector<_Tp, _Alloc>::pointer std::vector<_Tp, _Alloc>::_S_relocate(std::vector<_Tp, _Alloc>::pointer, std::vector<_Tp, _Alloc>::pointer, std::vector<_Tp, _Alloc>::pointer, std::vector<_Tp, _Alloc>::_Tp_alloc_type&) [with _Tp = ei::spectral::processing::freq_peak_t; _Alloc = std::allocator<ei::spectral::processing::freq_peak_t>]	48	static
stl_iterator.h:871:7:const _Iterator& __gnu_cxx::__normal_iterator<_Iterator, _Container>::base() const [with _Iterator = ei::spectral::processing::freq_peak_t*; _Container = std::vector<ei::spectral::processing::freq_peak_t>]	16	static
stl_uninitialized.h:323:5:_ForwardIterator std::__uninitialized_move_if_noexcept_a(_InputIterator, _InputIterator, _ForwardIterator, _Allocator&) [with _InputIterator = ei::spectral::processing::freq_peak_t*; _ForwardIterator = ei::spectral::processing::freq_peak_t*; _Allocator = std::allocator<ei::spectral::processing::freq_peak_t>]	32	static
move.h:99:5:constexpr typename std::remove_reference<_Tp>::type&& std::move(_Tp&&) [with _Tp = ei::spectral::processing::find_fft_peaks(ei::matrix_t*, ei::matrix_t*, float, float, uint16_t)::<lambda(const ei::spectral::processing::freq_peak_t&, const ei::spectral::processing::freq_peak_t&)>&]	16	static
predefined_ops.h:135:7:constexpr __gnu_cxx::__ops::_Iter_comp_iter<_Compare>::_Iter_comp_iter(_Compare) [with _Compare = ei::spectral::processing::find_fft_peaks(ei::matrix_t*, ei::matrix_t*, float, float, uint16_t)::<lambda(const ei::spectral::processing::freq_peak_t&, const ei::spectral::processing::freq_peak_t&)>]	16	static
stl_iterator.h:907:5:bool __gnu_cxx::operator!=(const __gnu_cxx::__normal_iterator<_Iterator, _Container>&, const __gnu_cxx::__normal_iterator<_Iterator, _Container>&) [with _Iterator = ei::spectral::processing::freq_peak_t*; _Container = std::vector<ei::spectral::processing::freq_peak_t>]	24	static
stl_algo.h:1939:5:void std::__introsort_loop(_RandomAccessIterator, _RandomAccessIterator, _Size, _Compare) [with _RandomAccessIterator = __gnu_cxx::__normal_iterator<ei::spectral::processing::freq_peak_t*, std::vector<ei::spectral::processing::freq_peak_t> >; _Size = int; _Compare = __gnu_cxx::__ops::_Iter_comp_iter<ei::spectral::processing::find_fft_peaks(ei::matrix_t*, ei::matrix_t*, float, float, uint16_t)::<lambda(const ei::spectral::processing::freq_peak_t&, const ei::spectral::processing::freq_peak_t&)> >]	32	static
stl_algo.h:1879:5:void std::__final_insertion_sort(_RandomAccessIterator, _RandomAccessIterator, _Compare) [with _RandomAccessIterator = __gnu_cxx::__normal_iterator<ei::spectral::processing::freq_peak_t*, std::vector<ei::spectral::processing::freq_peak_t> >; _Compare = __gnu_cxx::__ops::_Iter_comp_iter<ei::spectral::processing::find_fft_peaks(ei::matrix_t*, ei::matrix_t*, float, float, uint16_t)::<lambda(const ei::spectral::processing::freq_peak_t&, const ei::spectral::processing::freq_peak_t&)> >]	24	static
stl_construct.h:127:5:void std::_Destroy(_ForwardIterator, _ForwardIterator) [with _ForwardIterator = long unsigned int*]	16	static
new_allocator.h:80:7:__gnu_cxx::new_allocator<_Tp>::new_allocator() [with _Tp = long unsigned int]	16	static
alloc_traits.h:469:7:static void std::allocator_traits<std::allocator<_Tp1> >::deallocate(std::allocator_traits<std::allocator<_Tp1> >::allocator_type&, std::allocator_traits<std::allocator<_Tp1> >::pointer, std::allocator_traits<std::allocator<_Tp1> >::size_type) [with _Tp = long unsigned int]	24	static
move.h:74:5:constexpr _Tp&& std::forward(typename std::remove_reference<_Tp>::type&) [with _Tp = long unsigned int]	16	static
alloc_traits.h:482:2:) [with _Up = long unsigned int; _Args = {long unsigned int}; _Tp = long unsigned int]	24	static
stl_vector.h:826:7:std::vector<_Tp, _Alloc>::iterator std::vector<_Tp, _Alloc>::end() [with _Tp = long unsigned int; _Alloc = std::allocator<long unsigned int>]	24	static
stl_vector.h:441:7:static constexpr bool std::vector<_Tp, _Alloc>::_S_use_relocate() [with _Tp = long unsigned int; _Alloc = std::allocator<long unsigned int>]	16	static
stl_vector.h:428:7:static constexpr bool std::vector<_Tp, _Alloc>::_S_nothrow_relocate(std::true_type) [with _Tp = long unsigned int; _Alloc = std::allocator<long unsigned int>]	16	static
vector.tcc:426:7:) [with _Args = {long unsigned int}; _Tp = long unsigned int; _Alloc = std::allocator<long unsigned int>]	64	static
std_function.h:232:4:static bool std::_Function_base::_Base_manager<_Functor>::_M_not_empty_function(_Tp*) [with _Tp = int(unsigned int, unsigned int, float*); _Functor = int (*)(unsigned int, unsigned int, float*)]	16	static
move.h:99:5:constexpr typename std::remove_reference<_Tp>::type&& std::move(_Tp&&) [with _Tp = int (*&)(unsigned int, unsigned int, float*)]	16	static
std_function.h:222:2:static void std::_Function_base::_Base_manager<_Functor>::_M_init_functor(std::_Any_data&, _Functor&&) [with _Functor = int (*)(unsigned int, unsigned int, float*)]	32	static
std_function.h:283:7:) [with _Res = int; _Functor = int (*)(unsigned int, unsigned int, float*); _ArgTypes = {unsigned int, unsigned int, float*}]	40	static
std_function.h:196:2:static bool std::_Function_base::_Base_manager<_Functor>::_M_manager(std::_Any_data&, const std::_Any_data&, std::_Manager_operation) [with _Functor = int (*)(unsigned int, unsigned int, float*)]	40	static
std_function.h:247:2:static void std::_Function_base::_Base_manager<_Functor>::_M_init_functor(std::_Any_data&, _Functor&&, std::true_type) [with _Functor = ei::numpy::signal_from_buffer(float*, size_t, ei::signal_t*)::<lambda(size_t, size_t, float*)>]	32	static
std_function.h:151:2:static _Functor* std::_Function_base::_Base_manager<_Functor>::_M_get_pointer(const std::_Any_data&) [with _Functor = ei::numpy::signal_from_buffer(float*, size_t, ei::signal_t*)::<lambda(size_t, size_t, float*)>]	24	static
std_function.h:92:7:_Tp& std::_Any_data::_M_access() [with _Tp = ei::numpy::signal_from_buffer(float*, size_t, ei::signal_t*)::<lambda(size_t, size_t, float*)>*]	16	static
std_function.h:165:2:static void std::_Function_base::_Base_manager<_Functor>::_M_clone(std::_Any_data&, const std::_Any_data&, std::true_type) [with _Functor = ei::numpy::signal_from_buffer(float*, size_t, ei::signal_t*)::<lambda(size_t, size_t, float*)>]	32	static
std_function.h:182:2:static void std::_Function_base::_Base_manager<_Functor>::_M_destroy(std::_Any_data&, std::true_type) [with _Functor = ei::numpy::signal_from_buffer(float*, size_t, ei::signal_t*)::<lambda(size_t, size_t, float*)>]	16	static
new_allocator.h:119:7:void __gnu_cxx::new_allocator<_Tp>::deallocate(__gnu_cxx::new_allocator<_Tp>::pointer, __gnu_cxx::new_allocator<_Tp>::size_type) [with _Tp = ei::spectral::processing::freq_peak_t]	24	static
stl_construct.h:117:9:static void std::_Destroy_aux<true>::__destroy(_ForwardIterator, _ForwardIterator) [with _ForwardIterator = ei::spectral::processing::freq_peak_t*]	16	static
stl_vector.h:920:7:std::vector<_Tp, _Alloc>::size_type std::vector<_Tp, _Alloc>::max_size() const [with _Tp = ei::spectral::processing::freq_peak_t; _Alloc = std::allocator<ei::spectral::processing::freq_peak_t>]	16	static
stl_algobase.h:222:5:constexpr const _Tp& std::max(const _Tp&, const _Tp&) [with _Tp = unsigned int]	16	static
alloc_traits.h:443:7:static _Tp* std::allocator_traits<std::allocator<_Tp1> >::allocate(std::allocator_traits<std::allocator<_Tp1> >::allocator_type&, std::allocator_traits<std::allocator<_Tp1> >::size_type) [with _Tp = ei::spectral::processing::freq_peak_t]	16	static
stl_vector.h:450:7:static std::vector<_Tp, _Alloc>::pointer std::vector<_Tp, _Alloc>::_S_do_relocate(std::vector<_Tp, _Alloc>::pointer, std::vector<_Tp, _Alloc>::pointer, std::vector<_Tp, _Alloc>::pointer, std::vector<_Tp, _Alloc>::_Tp_alloc_type&, std::true_type) [with _Tp = ei::spectral::processing::freq_peak_t; _Alloc = std::allocator<ei::spectral::processing::freq_peak_t>]	24	static
stl_iterator.h:1242:5:_ReturnType std::__make_move_if_noexcept_iterator(_Tp*) [with _Tp = ei::spectral::processing::freq_peak_t; _ReturnType = std::move_iterator<ei::spectral::processing::freq_peak_t*>]	24	static
stl_uninitialized.h:305:5:_ForwardIterator std::__uninitialized_copy_a(_InputIterator, _InputIterator, _ForwardIterator, std::allocator<_Tp>&) [with _InputIterator = std::move_iterator<ei::spectral::processing::freq_peak_t*>; _ForwardIterator = ei::spectral::processing::freq_peak_t*; _Tp = ei::spectral::processing::freq_peak_t]	24	static
stl_algo.h:1927:5:void std::__partial_sort(_RandomAccessIterator, _RandomAccessIterator, _RandomAccessIterator, _Compare) [with _RandomAccessIterator = __gnu_cxx::__normal_iterator<ei::spectral::processing::freq_peak_t*, std::vector<ei::spectral::processing::freq_peak_t> >; _Compare = __gnu_cxx::__ops::_Iter_comp_iter<ei::spectral::processing::find_fft_peaks(ei::matrix_t*, ei::matrix_t*, float, float, uint16_t)::<lambda(const ei::spectral::processing::freq_peak_t&, const ei::spectral::processing::freq_peak_t&)> >]	24	static
stl_algo.h:1916:5:_RandomAccessIterator std::__unguarded_partition_pivot(_RandomAccessIterator, _RandomAccessIterator, _Compare) [with _RandomAccessIterator = __gnu_cxx::__normal_iterator<ei::spectral::processing::freq_peak_t*, std::vector<ei::spectral::processing::freq_peak_t> >; _Compare = __gnu_cxx::__ops::_Iter_comp_iter<ei::spectral::processing::find_fft_peaks(ei::matrix_t*, ei::matrix_t*, float, float, uint16_t)::<lambda(const ei::spectral::processing::freq_peak_t&, const ei::spectral::processing::freq_peak_t&)> >]	48	static
stl_iterator.h:859:7:__gnu_cxx::__normal_iterator<_Iterator, _Container> __gnu_cxx::__normal_iterator<_Iterator, _Container>::operator+(__gnu_cxx::__normal_iterator<_Iterator, _Container>::difference_type) const [with _Iterator = ei::spectral::processing::freq_peak_t*; _Container = std::vector<ei::spectral::processing::freq_peak_t>]	24	static
stl_algo.h:1839:5:void std::__insertion_sort(_RandomAccessIterator, _RandomAccessIterator, _Compare) [with _RandomAccessIterator = __gnu_cxx::__normal_iterator<ei::spectral::processing::freq_peak_t*, std::vector<ei::spectral::processing::freq_peak_t> >; _Compare = __gnu_cxx::__ops::_Iter_comp_iter<ei::spectral::processing::find_fft_peaks(ei::matrix_t*, ei::matrix_t*, float, float, uint16_t)::<lambda(const ei::spectral::processing::freq_peak_t&, const ei::spectral::processing::freq_peak_t&)> >]	48	static
stl_algo.h:1862:5:void std::__unguarded_insertion_sort(_RandomAccessIterator, _RandomAccessIterator, _Compare) [with _RandomAccessIterator = __gnu_cxx::__normal_iterator<ei::spectral::processing::freq_peak_t*, std::vector<ei::spectral::processing::freq_peak_t> >; _Compare = __gnu_cxx::__ops::_Iter_comp_iter<ei::spectral::processing::find_fft_peaks(ei::matrix_t*, ei::matrix_t*, float, float, uint16_t)::<lambda(const ei::spectral::processing::freq_peak_t&, const ei::spectral::processing::freq_peak_t&)> >]	40	static
stl_construct.h:117:9:static void std::_Destroy_aux<true>::__destroy(_ForwardIterator, _ForwardIterator) [with _ForwardIterator = long unsigned int*]	16	static
new_allocator.h:119:7:void __gnu_cxx::new_allocator<_Tp>::deallocate(__gnu_cxx::new_allocator<_Tp>::pointer, __gnu_cxx::new_allocator<_Tp>::size_type) [with _Tp = long unsigned int]	24	static
new_allocator.h:144:2:) [with _Up = long unsigned int; _Args = {long unsigned int}; _Tp = long unsigned int]	32	static
stl_iterator.h:806:7:__gnu_cxx::__normal_iterator<_Iterator, _Container>::__normal_iterator(const _Iterator&) [with _Iterator = long unsigned int*; _Container = std::vector<long unsigned int>]	16	static
stl_vector.h:1753:7:std::vector<_Tp, _Alloc>::size_type std::vector<_Tp, _Alloc>::_M_check_len(std::vector<_Tp, _Alloc>::size_type, const char*) const [with _Tp = long unsigned int; _Alloc = std::allocator<long unsigned int>]	40	static
stl_vector.h:808:7:std::vector<_Tp, _Alloc>::iterator std::vector<_Tp, _Alloc>::begin() [with _Tp = long unsigned int; _Alloc = std::allocator<long unsigned int>]	24	static
stl_iterator.h:989:5:typename __gnu_cxx::__normal_iterator<_Iterator, _Container>::difference_type __gnu_cxx::operator-(const __gnu_cxx::__normal_iterator<_Iterator, _Container>&, const __gnu_cxx::__normal_iterator<_Iterator, _Container>&) [with _Iterator = long unsigned int*; _Container = std::vector<long unsigned int>]	24	static
stl_vector.h:340:7:std::_Vector_base<_Tp, _Alloc>::pointer std::_Vector_base<_Tp, _Alloc>::_M_allocate(std::size_t) [with _Tp = long unsigned int; _Alloc = std::allocator<long unsigned int>]	16	static
stl_vector.h:462:7:static std::vector<_Tp, _Alloc>::pointer std::vector<_Tp, _Alloc>::_S_relocate(std::vector<_Tp, _Alloc>::pointer, std::vector<_Tp, _Alloc>::pointer, std::vector<_Tp, _Alloc>::pointer, std::vector<_Tp, _Alloc>::_Tp_alloc_type&) [with _Tp = long unsigned int; _Alloc = std::allocator<long unsigned int>]	48	static
stl_iterator.h:871:7:const _Iterator& __gnu_cxx::__normal_iterator<_Iterator, _Container>::base() const [with _Iterator = long unsigned int*; _Container = std::vector<long unsigned int>]	16	static
stl_uninitialized.h:323:5:_ForwardIterator std::__uninitialized_move_if_noexcept_a(_InputIterator, _InputIterator, _ForwardIterator, _Allocator&) [with _InputIterator = long unsigned int*; _ForwardIterator = long unsigned int*; _Allocator = std::allocator<long unsigned int>]	32	static
std_function.h:247:2:static void std::_Function_base::_Base_manager<_Functor>::_M_init_functor(std::_Any_data&, _Functor&&, std::true_type) [with _Functor = int (*)(unsigned int, unsigned int, float*)]	32	static
std_function.h:151:2:static _Functor* std::_Function_base::_Base_manager<_Functor>::_M_get_pointer(const std::_Any_data&) [with _Functor = int (*)(unsigned int, unsigned int, float*)]	24	static
std_function.h:92:7:_Tp& std::_Any_data::_M_access() [with _Tp = int (**)(unsigned int, unsigned int, float*)]	16	static
std_function.h:165:2:static void std::_Function_base::_Base_manager<_Functor>::_M_clone(std::_Any_data&, const std::_Any_data&, std::true_type) [with _Functor = int (*)(unsigned int, unsigned int, float*)]	32	static
std_function.h:182:2:static void std::_Function_base::_Base_manager<_Functor>::_M_destroy(std::_Any_data&, std::true_type) [with _Functor = int (*)(unsigned int, unsigned int, float*)]	16	static
std_function.h:97:7:const _Tp& std::_Any_data::_M_access() const [with _Tp = ei::numpy::signal_from_buffer(float*, size_t, ei::signal_t*)::<lambda(size_t, size_t, float*)>]	16	static
move.h:47:5:constexpr _Tp* std::__addressof(_Tp&) [with _Tp = const ei::numpy::signal_from_buffer(float*, size_t, ei::signal_t*)::<lambda(size_t, size_t, float*)>]	16	static
std_function.h:92:7:_Tp& std::_Any_data::_M_access() [with _Tp = ei::numpy::signal_from_buffer(float*, size_t, ei::signal_t*)::<lambda(size_t, size_t, float*)>]	16	static
stl_vector.h:1773:7:static std::vector<_Tp, _Alloc>::size_type std::vector<_Tp, _Alloc>::_S_max_size(const _Tp_alloc_type&) [with _Tp = ei::spectral::processing::freq_peak_t; _Alloc = std::allocator<ei::spectral::processing::freq_peak_t>]	24	static
stl_vector.h:277:7:const _Tp_alloc_type& std::_Vector_base<_Tp, _Alloc>::_M_get_Tp_allocator() const [with _Tp = ei::spectral::processing::freq_peak_t; _Alloc = std::allocator<ei::spectral::processing::freq_peak_t>]	16	static
new_allocator.h:102:7:_Tp* __gnu_cxx::new_allocator<_Tp>::allocate(__gnu_cxx::new_allocator<_Tp>::size_type, const void*) [with _Tp = ei::spectral::processing::freq_peak_t]	24	static
stl_uninitialized.h:958:5:_ForwardIterator std::__relocate_a(_InputIterator, _InputIterator, _ForwardIterator, _Allocator&) [with _InputIterator = ei::spectral::processing::freq_peak_t*; _ForwardIterator = ei::spectral::processing::freq_peak_t*; _Allocator = std::allocator<ei::spectral::processing::freq_peak_t>]	32	static
stl_iterator.h:1057:7:std::move_iterator<_Iterator>::move_iterator(std::move_iterator<_Iterator>::iterator_type) [with _Iterator = ei::spectral::processing::freq_peak_t*]	16	static
stl_uninitialized.h:115:5:_ForwardIterator std::uninitialized_copy(_InputIterator, _InputIterator, _ForwardIterator) [with _InputIterator = std::move_iterator<ei::spectral::processing::freq_peak_t*>; _ForwardIterator = ei::spectral::processing::freq_peak_t*]	32	static
stl_algo.h:1667:5:void std::__heap_select(_RandomAccessIterator, _RandomAccessIterator, _RandomAccessIterator, _Compare) [with _RandomAccessIterator = __gnu_cxx::__normal_iterator<ei::spectral::processing::freq_peak_t*, std::vector<ei::spectral::processing::freq_peak_t> >; _Compare = __gnu_cxx::__ops::_Iter_comp_iter<ei::spectral::processing::find_fft_peaks(ei::matrix_t*, ei::matrix_t*, float, float, uint16_t)::<lambda(const ei::spectral::processing::freq_peak_t&, const ei::spectral::processing::freq_peak_t&)> >]	32	static
stl_heap.h:402:5:void std::__sort_heap(_RandomAccessIterator, _RandomAccessIterator, _Compare&) [with _RandomAccessIterator = __gnu_cxx::__normal_iterator<ei::spectral::processing::freq_peak_t*, std::vector<ei::spectral::processing::freq_peak_t> >; _Compare = __gnu_cxx::__ops::_Iter_comp_iter<ei::spectral::processing::find_fft_peaks(ei::matrix_t*, ei::matrix_t*, float, float, uint16_t)::<lambda(const ei::spectral::processing::freq_peak_t&, const ei::spectral::processing::freq_peak_t&)> >]	24	static
stl_iterator.h:867:7:__gnu_cxx::__normal_iterator<_Iterator, _Container> __gnu_cxx::__normal_iterator<_Iterator, _Container>::operator-(__gnu_cxx::__normal_iterator<_Iterator, _Container>::difference_type) const [with _Iterator = ei::spectral::processing::freq_peak_t*; _Container = std::vector<ei::spectral::processing::freq_peak_t>]	24	static
predefined_ops.h:142:9:constexpr bool __gnu_cxx::__ops::_Iter_comp_iter<_Compare>::operator()(_Iterator1, _Iterator2) [with _Iterator1 = __gnu_cxx::__normal_iterator<ei::spectral::processing::freq_peak_t*, std::vector<ei::spectral::processing::freq_peak_t> >; _Iterator2 = __gnu_cxx::__normal_iterator<ei::spectral::processing::freq_peak_t*, std::vector<ei::spectral::processing::freq_peak_t> >; _Compare = ei::spectral::processing::find_fft_peaks(ei::matrix_t*, ei::matrix_t*, float, float, uint16_t)::<lambda(const ei::spectral::processing::freq_peak_t&, const ei::spectral::processing::freq_peak_t&)>]	32	static
stl_algo.h:78:5:void std::__move_median_to_first(_Iterator, _Iterator, _Iterator, _Iterator, _Compare) [with _Iterator = __gnu_cxx::__normal_iterator<ei::spectral::processing::freq_peak_t*, std::vector<ei::spectral::processing::freq_peak_t> >; _Compare = __gnu_cxx::__ops::_Iter_comp_iter<ei::spectral::processing::find_fft_peaks(ei::matrix_t*, ei::matrix_t*, float, float, uint16_t)::<lambda(const ei::spectral::processing::freq_peak_t&, const ei::spectral::processing::freq_peak_t&)> >]	24	static
stl_algo.h:1895:5:_RandomAccessIterator std::__unguarded_partition(_RandomAccessIterator, _RandomAccessIterator, _RandomAccessIterator, _Compare) [with _RandomAccessIterator = __gnu_cxx::__normal_iterator<ei::spectral::processing::freq_peak_t*, std::vector<ei::spectral::processing::freq_peak_t> >; _Compare = __gnu_cxx::__ops::_Iter_comp_iter<ei::spectral::processing::find_fft_peaks(ei::matrix_t*, ei::matrix_t*, float, float, uint16_t)::<lambda(const ei::spectral::processing::freq_peak_t&, const ei::spectral::processing::freq_peak_t&)> >]	24	static
stl_iterator.h:893:5:bool __gnu_cxx::operator==(const __gnu_cxx::__normal_iterator<_Iterator, _Container>&, const __gnu_cxx::__normal_iterator<_Iterator, _Container>&) [with _Iterator = ei::spectral::processing::freq_peak_t*; _Container = std::vector<ei::spectral::processing::freq_peak_t>]	24	static
stl_iterator.h:827:7:__gnu_cxx::__normal_iterator<_Iterator, _Container>& __gnu_cxx::__normal_iterator<_Iterator, _Container>::operator++() [with _Iterator = ei::spectral::processing::freq_peak_t*; _Container = std::vector<ei::spectral::processing::freq_peak_t>]	16	static
stl_iterator.h:819:7:__gnu_cxx::__normal_iterator<_Iterator, _Container>::reference __gnu_cxx::__normal_iterator<_Iterator, _Container>::operator*() const [with _Iterator = ei::spectral::processing::freq_peak_t*; _Container = std::vector<ei::spectral::processing::freq_peak_t>]	16	static
move.h:99:5:constexpr typename std::remove_reference<_Tp>::type&& std::move(_Tp&&) [with _Tp = ei::spectral::processing::freq_peak_t&]	16	static
stl_algobase.h:676:5:_BI2 std::move_backward(_BI1, _BI1, _BI2) [with _BI1 = __gnu_cxx::__normal_iterator<ei::spectral::processing::freq_peak_t*, std::vector<ei::spectral::processing::freq_peak_t> >; _BI2 = __gnu_cxx::__normal_iterator<ei::spectral::processing::freq_peak_t*, std::vector<ei::spectral::processing::freq_peak_t> >]	32	static
predefined_ops.h:225:5:__gnu_cxx::__ops::_Val_comp_iter<_Compare> __gnu_cxx::__ops::__val_comp_iter(__gnu_cxx::__ops::_Iter_comp_iter<_Compare>) [with _Compare = ei::spectral::processing::find_fft_peaks(ei::matrix_t*, ei::matrix_t*, float, float, uint16_t)::<lambda(const ei::spectral::processing::freq_peak_t&, const ei::spectral::processing::freq_peak_t&)>]	32	static
stl_algo.h:1820:5:void std::__unguarded_linear_insert(_RandomAccessIterator, _Compare) [with _RandomAccessIterator = __gnu_cxx::__normal_iterator<ei::spectral::processing::freq_peak_t*, std::vector<ei::spectral::processing::freq_peak_t> >; _Compare = __gnu_cxx::__ops::_Val_comp_iter<ei::spectral::processing::find_fft_peaks(ei::matrix_t*, ei::matrix_t*, float, float, uint16_t)::<lambda(const ei::spectral::processing::freq_peak_t&, const ei::spectral::processing::freq_peak_t&)> >]	40	static
stl_vector.h:920:7:std::vector<_Tp, _Alloc>::size_type std::vector<_Tp, _Alloc>::max_size() const [with _Tp = long unsigned int; _Alloc = std::allocator<long unsigned int>]	16	static
alloc_traits.h:443:7:static _Tp* std::allocator_traits<std::allocator<_Tp1> >::allocate(std::allocator_traits<std::allocator<_Tp1> >::allocator_type&, std::allocator_traits<std::allocator<_Tp1> >::size_type) [with _Tp = long unsigned int]	16	static
stl_vector.h:450:7:static std::vector<_Tp, _Alloc>::pointer std::vector<_Tp, _Alloc>::_S_do_relocate(std::vector<_Tp, _Alloc>::pointer, std::vector<_Tp, _Alloc>::pointer, std::vector<_Tp, _Alloc>::pointer, std::vector<_Tp, _Alloc>::_Tp_alloc_type&, std::true_type) [with _Tp = long unsigned int; _Alloc = std::allocator<long unsigned int>]	24	static
stl_iterator.h:1242:5:_ReturnType std::__make_move_if_noexcept_iterator(_Tp*) [with _Tp = long unsigned int; _ReturnType = std::move_iterator<long unsigned int*>]	24	static
stl_uninitialized.h:305:5:_ForwardIterator std::__uninitialized_copy_a(_InputIterator, _InputIterator, _ForwardIterator, std::allocator<_Tp>&) [with _InputIterator = std::move_iterator<long unsigned int*>; _ForwardIterator = long unsigned int*; _Tp = long unsigned int]	24	static
std_function.h:97:7:const _Tp& std::_Any_data::_M_access() const [with _Tp = int (*)(unsigned int, unsigned int, float*)]	16	static
move.h:47:5:constexpr _Tp* std::__addressof(_Tp&) [with _Tp = int (* const)(unsigned int, unsigned int, float*)]	16	static
std_function.h:92:7:_Tp& std::_Any_data::_M_access() [with _Tp = int (*)(unsigned int, unsigned int, float*)]	16	static
alloc_traits.h:505:7:static std::allocator_traits<std::allocator<_Tp1> >::size_type std::allocator_traits<std::allocator<_Tp1> >::max_size(const allocator_type&) [with _Tp = ei::spectral::processing::freq_peak_t]	16	static
stl_algobase.h:198:5:constexpr const _Tp& std::min(const _Tp&, const _Tp&) [with _Tp = unsigned int]	16	static
new_allocator.h:132:7:__gnu_cxx::new_allocator<_Tp>::size_type __gnu_cxx::new_allocator<_Tp>::max_size() const [with _Tp = ei::spectral::processing::freq_peak_t]	16	static
stl_algobase.h:280:5:_Iterator std::__niter_base(_Iterator) [with _Iterator = ei::spectral::processing::freq_peak_t*]	16	static
stl_uninitialized.h:924:5:std::__enable_if_t<std::__is_bitwise_relocatable<_Tp>::value, _Tp*> std::__relocate_a_1(_Tp*, _Tp*, _Tp*, std::allocator<_T2>&) [with _Tp = ei::spectral::processing::freq_peak_t; _Up = ei::spectral::processing::freq_peak_t]	32	static
stl_uninitialized.h:99:9:static _ForwardIterator std::__uninitialized_copy<true>::__uninit_copy(_InputIterator, _InputIterator, _ForwardIterator) [with _InputIterator = std::move_iterator<ei::spectral::processing::freq_peak_t*>; _ForwardIterator = ei::spectral::processing::freq_peak_t*]	24	static
stl_heap.h:326:5:void std::__make_heap(_RandomAccessIterator, _RandomAccessIterator, _Compare&) [with _RandomAccessIterator = __gnu_cxx::__normal_iterator<ei::spectral::processing::freq_peak_t*, std::vector<ei::spectral::processing::freq_peak_t> >; _Compare = __gnu_cxx::__ops::_Iter_comp_iter<ei::spectral::processing::find_fft_peaks(ei::matrix_t*, ei::matrix_t*, float, float, uint16_t)::<lambda(const ei::spectral::processing::freq_peak_t&, const ei::spectral::processing::freq_peak_t&)> >]	48	static
stl_iterator.h:922:5:bool __gnu_cxx::operator<(const __gnu_cxx::__normal_iterator<_Iterator, _Container>&, const __gnu_cxx::__normal_iterator<_Iterator, _Container>&) [with _Iterator = ei::spectral::processing::freq_peak_t*; _Container = std::vector<ei::spectral::processing::freq_peak_t>]	24	static
stl_heap.h:243:5:void std::__pop_heap(_RandomAccessIterator, _RandomAccessIterator, _RandomAccessIterator, _Compare&) [with _RandomAccessIterator = __gnu_cxx::__normal_iterator<ei::spectral::processing::freq_peak_t*, std::vector<ei::spectral::processing::freq_peak_t> >; _Compare = __gnu_cxx::__ops::_Iter_comp_iter<ei::spectral::processing::find_fft_peaks(ei::matrix_t*, ei::matrix_t*, float, float, uint16_t)::<lambda(const ei::spectral::processing::freq_peak_t&, const ei::spectral::processing::freq_peak_t&)> >]	40	static
stl_iterator.h:839:7:__gnu_cxx::__normal_iterator<_Iterator, _Container>& __gnu_cxx::__normal_iterator<_Iterator, _Container>::operator--() [with _Iterator = ei::spectral::processing::freq_peak_t*; _Container = std::vector<ei::spectral::processing::freq_peak_t>]	16	static
stl_algobase.h:123:5:void std::iter_swap(_ForwardIterator1, _ForwardIterator2) [with _ForwardIterator1 = __gnu_cxx::__normal_iterator<ei::spectral::processing::freq_peak_t*, std::vector<ei::spectral::processing::freq_peak_t> >; _ForwardIterator2 = __gnu_cxx::__normal_iterator<ei::spectral::processing::freq_peak_t*, std::vector<ei::spectral::processing::freq_peak_t> >]	24	static
cpp_type_traits.h:428:5:_Iterator std::__miter_base(_Iterator) [with _Iterator = __gnu_cxx::__normal_iterator<ei::spectral::processing::freq_peak_t*, std::vector<ei::spectral::processing::freq_peak_t> >]	16	static
stl_algobase.h:613:5:_BI2 std::__copy_move_backward_a2(_BI1, _BI1, _BI2) [with bool _IsMove = true; _BI1 = __gnu_cxx::__normal_iterator<ei::spectral::processing::freq_peak_t*, std::vector<ei::spectral::processing::freq_peak_t> >; _BI2 = __gnu_cxx::__normal_iterator<ei::spectral::processing::freq_peak_t*, std::vector<ei::spectral::processing::freq_peak_t> >]	32	static
move.h:99:5:constexpr typename std::remove_reference<_Tp>::type&& std::move(_Tp&&) [with _Tp = __gnu_cxx::__ops::_Iter_comp_iter<ei::spectral::processing::find_fft_peaks(ei::matrix_t*, ei::matrix_t*, float, float, uint16_t)::<lambda(const ei::spectral::processing::freq_peak_t&, const ei::spectral::processing::freq_peak_t&)> >&]	16	static
predefined_ops.h:207:7:__gnu_cxx::__ops::_Val_comp_iter<_Compare>::_Val_comp_iter(__gnu_cxx::__ops::_Iter_comp_iter<_Compare>&&) [with _Compare = ei::spectral::processing::find_fft_peaks(ei::matrix_t*, ei::matrix_t*, float, float, uint16_t)::<lambda(const ei::spectral::processing::freq_peak_t&, const ei::spectral::processing::freq_peak_t&)>]	16	static
predefined_ops.h:214:2:bool __gnu_cxx::__ops::_Val_comp_iter<_Compare>::operator()(_Value&, _Iterator) [with _Value = ei::spectral::processing::freq_peak_t; _Iterator = __gnu_cxx::__normal_iterator<ei::spectral::processing::freq_peak_t*, std::vector<ei::spectral::processing::freq_peak_t> >; _Compare = ei::spectral::processing::find_fft_peaks(ei::matrix_t*, ei::matrix_t*, float, float, uint16_t)::<lambda(const ei::spectral::processing::freq_peak_t&, const ei::spectral::processing::freq_peak_t&)>]	32	static
stl_vector.h:1773:7:static std::vector<_Tp, _Alloc>::size_type std::vector<_Tp, _Alloc>::_S_max_size(const _Tp_alloc_type&) [with _Tp = long unsigned int; _Alloc = std::allocator<long unsigned int>]	24	static
stl_vector.h:277:7:const _Tp_alloc_type& std::_Vector_base<_Tp, _Alloc>::_M_get_Tp_allocator() const [with _Tp = long unsigned int; _Alloc = std::allocator<long unsigned int>]	16	static
new_allocator.h:102:7:_Tp* __gnu_cxx::new_allocator<_Tp>::allocate(__gnu_cxx::new_allocator<_Tp>::size_type, const void*) [with _Tp = long unsigned int]	24	static
stl_uninitialized.h:958:5:_ForwardIterator std::__relocate_a(_InputIterator, _InputIterator, _ForwardIterator, _Allocator&) [with _InputIterator = long unsigned int*; _ForwardIterator = long unsigned int*; _Allocator = std::allocator<long unsigned int>]	32	static
stl_iterator.h:1057:7:std::move_iterator<_Iterator>::move_iterator(std::move_iterator<_Iterator>::iterator_type) [with _Iterator = long unsigned int*]	16	static
stl_uninitialized.h:115:5:_ForwardIterator std::uninitialized_copy(_InputIterator, _InputIterator, _ForwardIterator) [with _InputIterator = std::move_iterator<long unsigned int*>; _ForwardIterator = long unsigned int*]	32	static
stl_algobase.h:465:5:_OI std::copy(_II, _II, _OI) [with _II = std::move_iterator<ei::spectral::processing::freq_peak_t*>; _OI = ei::spectral::processing::freq_peak_t*]	32	static
stl_heap.h:214:5:void std::__adjust_heap(_RandomAccessIterator, _Distance, _Distance, _Tp, _Compare) [with _RandomAccessIterator = __gnu_cxx::__normal_iterator<ei::spectral::processing::freq_peak_t*, std::vector<ei::spectral::processing::freq_peak_t> >; _Distance = int; _Tp = ei::spectral::processing::freq_peak_t; _Compare = __gnu_cxx::__ops::_Iter_comp_iter<ei::spectral::processing::find_fft_peaks(ei::matrix_t*, ei::matrix_t*, float, float, uint16_t)::<lambda(const ei::spectral::processing::freq_peak_t&, const ei::spectral::processing::freq_peak_t&)> >]	72	static
move.h:182:5:typename std::enable_if<std::__and_<std::__not_<std::__is_tuple_like<_Tp> >, std::is_move_constructible<_Tp>, std::is_move_assignable<_Tp> >::value>::type std::swap(_Tp&, _Tp&) [with _Tp = ei::spectral::processing::freq_peak_t]	24	static
stl_iterator.h:1010:5:_Iterator std::__niter_base(__gnu_cxx::__normal_iterator<_Iterator, _Container>) [with _Iterator = ei::spectral::processing::freq_peak_t*; _Container = std::vector<ei::spectral::processing::freq_peak_t>]	16	static
stl_algobase.h:595:5:_BI2 std::__copy_move_backward_a(_BI1, _BI1, _BI2) [with bool _IsMove = true; _BI1 = ei::spectral::processing::freq_peak_t*; _BI2 = ei::spectral::processing::freq_peak_t*]	32	static
stl_algobase.h:289:5:_From std::__niter_wrap(_From, _To) [with _From = __gnu_cxx::__normal_iterator<ei::spectral::processing::freq_peak_t*, std::vector<ei::spectral::processing::freq_peak_t> >; _To = ei::spectral::processing::freq_peak_t*]	16	static
alloc_traits.h:505:7:static std::allocator_traits<std::allocator<_Tp1> >::size_type std::allocator_traits<std::allocator<_Tp1> >::max_size(const allocator_type&) [with _Tp = long unsigned int]	16	static
new_allocator.h:132:7:__gnu_cxx::new_allocator<_Tp>::size_type __gnu_cxx::new_allocator<_Tp>::max_size() const [with _Tp = long unsigned int]	16	static
stl_algobase.h:280:5:_Iterator std::__niter_base(_Iterator) [with _Iterator = long unsigned int*]	16	static
stl_uninitialized.h:924:5:std::__enable_if_t<std::__is_bitwise_relocatable<_Tp>::value, _Tp*> std::__relocate_a_1(_Tp*, _Tp*, _Tp*, std::allocator<_T2>&) [with _Tp = long unsigned int; _Up = long unsigned int]	32	static
stl_uninitialized.h:99:9:static _ForwardIterator std::__uninitialized_copy<true>::__uninit_copy(_InputIterator, _InputIterator, _ForwardIterator) [with _InputIterator = std::move_iterator<long unsigned int*>; _ForwardIterator = long unsigned int*]	24	static
stl_iterator.h:1262:5:base())) std::__miter_base(std::move_iterator<_IteratorL>) [with _Iterator = ei::spectral::processing::freq_peak_t*]	16	static
stl_algobase.h:438:5:_OI std::__copy_move_a2(_II, _II, _OI) [with bool _IsMove = true; _II = ei::spectral::processing::freq_peak_t*; _OI = ei::spectral::processing::freq_peak_t*]	32	static
predefined_ops.h:169:7:__gnu_cxx::__ops::_Iter_comp_val<_Compare>::_Iter_comp_val(__gnu_cxx::__ops::_Iter_comp_iter<_Compare>&&) [with _Compare = ei::spectral::processing::find_fft_peaks(ei::matrix_t*, ei::matrix_t*, float, float, uint16_t)::<lambda(const ei::spectral::processing::freq_peak_t&, const ei::spectral::processing::freq_peak_t&)>]	16	static
stl_heap.h:128:5:void std::__push_heap(_RandomAccessIterator, _Distance, _Distance, _Tp, _Compare&) [with _RandomAccessIterator = __gnu_cxx::__normal_iterator<ei::spectral::processing::freq_peak_t*, std::vector<ei::spectral::processing::freq_peak_t> >; _Distance = int; _Tp = ei::spectral::processing::freq_peak_t; _Compare = __gnu_cxx::__ops::_Iter_comp_val<ei::spectral::processing::find_fft_peaks(ei::matrix_t*, ei::matrix_t*, float, float, uint16_t)::<lambda(const ei::spectral::processing::freq_peak_t&, const ei::spectral::processing::freq_peak_t&)> >]	56	static
stl_algobase.h:577:2:static _Tp* std::__copy_move_backward<_IsMove, true, std::random_access_iterator_tag>::__copy_move_b(const _Tp*, const _Tp*, _Tp*) [with _Tp = ei::spectral::processing::freq_peak_t; bool _IsMove = true]	32	static
stl_algobase.h:465:5:_OI std::copy(_II, _II, _OI) [with _II = std::move_iterator<long unsigned int*>; _OI = long unsigned int*]	32	static
stl_iterator.h:1066:7:std::move_iterator<_Iterator>::iterator_type std::move_iterator<_Iterator>::base() const [with _Iterator = ei::spectral::processing::freq_peak_t*]	16	static
cpp_type_traits.h:428:5:_Iterator std::__miter_base(_Iterator) [with _Iterator = ei::spectral::processing::freq_peak_t*]	16	static
stl_algobase.h:393:5:_OI std::__copy_move_a(_II, _II, _OI) [with bool _IsMove = true; _II = ei::spectral::processing::freq_peak_t*; _OI = ei::spectral::processing::freq_peak_t*]	32	static
stl_algobase.h:295:5:_Iterator std::__niter_wrap(const _Iterator&, _Iterator) [with _Iterator = ei::spectral::processing::freq_peak_t*]	16	static
predefined_ops.h:176:2:bool __gnu_cxx::__ops::_Iter_comp_val<_Compare>::operator()(_Iterator, _Value&) [with _Iterator = __gnu_cxx::__normal_iterator<ei::spectral::processing::freq_peak_t*, std::vector<ei::spectral::processing::freq_peak_t> >; _Value = ei::spectral::processing::freq_peak_t; _Compare = ei::spectral::processing::find_fft_peaks(ei::matrix_t*, ei::matrix_t*, float, float, uint16_t)::<lambda(const ei::spectral::processing::freq_peak_t&, const ei::spectral::processing::freq_peak_t&)>]	32	static
stl_iterator.h:1262:5:base())) std::__miter_base(std::move_iterator<_IteratorL>) [with _Iterator = long unsigned int*]	16	static
stl_algobase.h:438:5:_OI std::__copy_move_a2(_II, _II, _OI) [with bool _IsMove = true; _II = long unsigned int*; _OI = long unsigned int*]	32	static
stl_algobase.h:375:2:static _Tp* std::__copy_move<_IsMove, true, std::random_access_iterator_tag>::__copy_m(const _Tp*, const _Tp*, _Tp*) [with _Tp = ei::spectral::processing::freq_peak_t; bool _IsMove = true]	32	static
stl_iterator.h:1066:7:std::move_iterator<_Iterator>::iterator_type std::move_iterator<_Iterator>::base() const [with _Iterator = long unsigned int*]	16	static
cpp_type_traits.h:428:5:_Iterator std::__miter_base(_Iterator) [with _Iterator = long unsigned int*]	16	static
stl_algobase.h:393:5:_OI std::__copy_move_a(_II, _II, _OI) [with bool _IsMove = true; _II = long unsigned int*; _OI = long unsigned int*]	32	static
stl_algobase.h:295:5:_Iterator std::__niter_wrap(const _Iterator&, _Iterator) [with _Iterator = long unsigned int*]	16	static
stl_algobase.h:375:2:static _Tp* std::__copy_move<_IsMove, true, std::random_access_iterator_tag>::__copy_m(const _Tp*, const _Tp*, _Tp*) [with _Tp = long unsigned int; bool _IsMove = true]	32	static
