gthr-default.h:229:1:int __gthread_key_delete(__gthread_key_t)	16	static
kernel_util.h:31:28:const TfLiteTensor* tflite::GetInput(const TfLiteContext*, const TfLiteNode*, int)	24	static
kernel_util.h:43:22:TfLiteTensor* tflite::GetOutput(TfLiteContext*, const TfLiteNode*, int)	24	static
circular_buffer.cc:77:6:void tflite::ops::micro::circular_buffer::Free(TfLiteContext*, void*)	16	static
circular_buffer.cc:79:14:TfLiteStatus tflite::ops::micro::circular_buffer::Prepare(TfLiteContext*, TfLiteNode*)	56	static
circular_buffer.cc:118:6:void tflite::ops::micro::circular_buffer::EvalInt8(const int8_t*, int, int, int8_t*)	24	static
circular_buffer.cc:123:14:TfLiteStatus tflite::ops::micro::circular_buffer::Eval(TfLiteContext*, TfLiteNode*)	48	static
circular_buffer.cc:161:21:TfLiteRegistration* tflite::ops::micro::Register_CIRCULAR_BUFFER()	4	static
tensor_ctypes.h:29:17:const T* tflite::GetTensorData(const TfLiteTensor*) [with T = signed char]	16	static
tensor_ctypes.h:24:11:T* tflite::GetTensorData(TfLiteTensor*) [with T = signed char]	16	static
